Component: ARM Compiler 6.16 Tool: armlink [5dfeaa00]

==============================================================================

Section Cross References

    systick.o(.text.systick_config) refers to system_gd32f1x0.o(.data.SystemCoreClock) for SystemCoreClock
    systick.o(.text.systick_config) refers to systick.o(.text.SysTick_Config) for SysTick_Config
    systick.o(.text.systick_config) refers to systick.o(.text.__NVIC_SetPriority) for __NVIC_SetPriority
    systick.o(.ARM.exidx.text.systick_config) refers to systick.o(.text.systick_config) for [Anonymous Symbol]
    systick.o(.text.SysTick_Config) refers to systick.o(.text.__NVIC_SetPriority) for __NVIC_SetPriority
    systick.o(.ARM.exidx.text.SysTick_Config) refers to systick.o(.text.SysTick_Config) for [Anonymous Symbol]
    systick.o(.ARM.exidx.text.__NVIC_SetPriority) refers to systick.o(.text.__NVIC_SetPriority) for [Anonymous Symbol]
    systick.o(.text.delay_1ms) refers to systick.o(.bss.delay) for delay
    systick.o(.ARM.exidx.text.delay_1ms) refers to systick.o(.text.delay_1ms) for [Anonymous Symbol]
    systick.o(.text.delay_10us) refers to systick.o(.bss.delay) for delay
    systick.o(.ARM.exidx.text.delay_10us) refers to systick.o(.text.delay_10us) for [Anonymous Symbol]
    systick.o(.text.delay_decrement) refers to systick.o(.bss.delay) for delay
    systick.o(.ARM.exidx.text.delay_decrement) refers to systick.o(.text.delay_decrement) for [Anonymous Symbol]
    jbuhover.o(.ARM.exidx.text.delay) refers to jbuhover.o(.text.delay) for [Anonymous Symbol]
    jbuhover.o(.text.main) refers to systick.o(.text.systick_config) for systick_config
    jbuhover.o(.text.main) refers to initialization.o(.text.GPIO_Init) for GPIO_Init
    jbuhover.o(.text.main) refers to jbuhover.o(.bss.commutation_delay) for commutation_delay
    jbuhover.o(.text.main) refers to operations.o(.text.BLDC_angle_0) for BLDC_angle_0
    jbuhover.o(.text.main) refers to operations.o(.text.RED_LED_ON) for RED_LED_ON
    jbuhover.o(.text.main) refers to operations.o(.text.GREEN_LED_OFF) for GREEN_LED_OFF
    jbuhover.o(.text.main) refers to operations.o(.text.BUZER_ON) for BUZER_ON
    jbuhover.o(.text.main) refers to systick.o(.text.delay_10us) for delay_10us
    jbuhover.o(.text.main) refers to operations.o(.text.BLDC_angle_60) for BLDC_angle_60
    jbuhover.o(.text.main) refers to operations.o(.text.BLDC_angle_120) for BLDC_angle_120
    jbuhover.o(.text.main) refers to operations.o(.text.BLDC_angle_180) for BLDC_angle_180
    jbuhover.o(.text.main) refers to operations.o(.text.RED_LED_OFF) for RED_LED_OFF
    jbuhover.o(.text.main) refers to operations.o(.text.GREEN_LED_ON) for GREEN_LED_ON
    jbuhover.o(.text.main) refers to operations.o(.text.BUZER_OFF) for BUZER_OFF
    jbuhover.o(.text.main) refers to operations.o(.text.BLDC_angle_240) for BLDC_angle_240
    jbuhover.o(.text.main) refers to operations.o(.text.BLDC_angle_360) for BLDC_angle_360
    jbuhover.o(.ARM.exidx.text.main) refers to jbuhover.o(.text.main) for [Anonymous Symbol]
    gd32f1x0_it.o(.ARM.exidx.text.NMI_Handler) refers to gd32f1x0_it.o(.text.NMI_Handler) for [Anonymous Symbol]
    gd32f1x0_it.o(.ARM.exidx.text.HardFault_Handler) refers to gd32f1x0_it.o(.text.HardFault_Handler) for [Anonymous Symbol]
    gd32f1x0_it.o(.ARM.exidx.text.MemManage_Handler) refers to gd32f1x0_it.o(.text.MemManage_Handler) for [Anonymous Symbol]
    gd32f1x0_it.o(.ARM.exidx.text.BusFault_Handler) refers to gd32f1x0_it.o(.text.BusFault_Handler) for [Anonymous Symbol]
    gd32f1x0_it.o(.ARM.exidx.text.UsageFault_Handler) refers to gd32f1x0_it.o(.text.UsageFault_Handler) for [Anonymous Symbol]
    gd32f1x0_it.o(.ARM.exidx.text.SVC_Handler) refers to gd32f1x0_it.o(.text.SVC_Handler) for [Anonymous Symbol]
    gd32f1x0_it.o(.ARM.exidx.text.DebugMon_Handler) refers to gd32f1x0_it.o(.text.DebugMon_Handler) for [Anonymous Symbol]
    gd32f1x0_it.o(.ARM.exidx.text.PendSV_Handler) refers to gd32f1x0_it.o(.text.PendSV_Handler) for [Anonymous Symbol]
    gd32f1x0_it.o(.text.SysTick_Handler) refers to systick.o(.text.delay_decrement) for delay_decrement
    gd32f1x0_it.o(.ARM.exidx.text.SysTick_Handler) refers to gd32f1x0_it.o(.text.SysTick_Handler) for [Anonymous Symbol]
    initialization.o(.text.GPIO_Init) refers to gd32f1x0_rcu.o(.text.rcu_periph_clock_enable) for rcu_periph_clock_enable
    initialization.o(.text.GPIO_Init) refers to gd32f1x0_gpio.o(.text.gpio_mode_set) for gpio_mode_set
    initialization.o(.text.GPIO_Init) refers to gd32f1x0_gpio.o(.text.gpio_output_options_set) for gpio_output_options_set
    initialization.o(.ARM.exidx.text.GPIO_Init) refers to initialization.o(.text.GPIO_Init) for [Anonymous Symbol]
    operations.o(.text.RED_LED_ON) refers to gd32f1x0_gpio.o(.text.gpio_bit_set) for gpio_bit_set
    operations.o(.ARM.exidx.text.RED_LED_ON) refers to operations.o(.text.RED_LED_ON) for [Anonymous Symbol]
[...]
    libinit.o(.ARM.Collect$$libinit$$00000000) refers (Special) to libinit2.o(.ARM.Collect$$libinit$$0000000C) for __rt_lib_init_user_alloc_1
    libspace.o(.text) refers to libspace.o(.bss) for __libspace_start
    rtexit.o(.ARM.Collect$$rtexit$$00000000) refers (Special) to rtexit2.o(.ARM.Collect$$rtexit$$00000004) for __rt_exit_exit
    rtexit.o(.ARM.Collect$$rtexit$$00000000) refers (Special) to rtexit2.o(.ARM.Collect$$rtexit$$00000003) for __rt_exit_ls
    rtexit.o(.ARM.Collect$$rtexit$$00000000) refers (Special) to rtexit2.o(.ARM.Collect$$rtexit$$00000002) for __rt_exit_prels_1
    rtexit.o(.ARM.exidx) refers (Special) to rtexit2.o(.ARM.Collect$$rtexit$$00000004) for __rt_exit_exit
    rtexit.o(.ARM.exidx) refers (Special) to rtexit2.o(.ARM.Collect$$rtexit$$00000003) for __rt_exit_ls
    rtexit.o(.ARM.exidx) refers (Special) to rtexit2.o(.ARM.Collect$$rtexit$$00000002) for __rt_exit_prels_1
    rtexit.o(.ARM.exidx) refers to rtexit.o(.ARM.Collect$$rtexit$$00000000) for .ARM.Collect$$rtexit$$00000000
    libinit2.o(.ARM.Collect$$libinit$$00000010) refers to libinit2.o(.ARM.Collect$$libinit$$0000000F) for .ARM.Collect$$libinit$$0000000F
    libinit2.o(.ARM.Collect$$libinit$$00000012) refers to libinit2.o(.ARM.Collect$$libinit$$0000000F) for .ARM.Collect$$libinit$$0000000F
    libinit2.o(.ARM.Collect$$libinit$$00000014) refers to libinit2.o(.ARM.Collect$$libinit$$0000000F) for .ARM.Collect$$libinit$$0000000F
    libinit2.o(.ARM.Collect$$libinit$$00000016) refers to libinit2.o(.ARM.Collect$$libinit$$0000000F) for .ARM.Collect$$libinit$$0000000F
    libinit2.o(.ARM.Collect$$libinit$$00000018) refers to libinit2.o(.ARM.Collect$$libinit$$0000000F) for .ARM.Collect$$libinit$$0000000F
    libinit2.o(.ARM.Collect$$libinit$$00000026) refers to argv_veneer.o(.emb_text) for __ARM_argv_veneer
    libinit2.o(.ARM.Collect$$libinit$$00000027) refers to argv_veneer.o(.emb_text) for __ARM_argv_veneer
    rtexit2.o(.ARM.Collect$$rtexit$$00000003) refers to libshutdown.o(.ARM.Collect$$libshutdown$$00000000) for __rt_lib_shutdown
    rtexit2.o(.ARM.Collect$$rtexit$$00000004) refers to sys_exit.o(.text) for _sys_exit
    rtexit2.o(.ARM.exidx) refers to rtexit2.o(.ARM.Collect$$rtexit$$00000001) for .ARM.Collect$$rtexit$$00000001
    rtexit2.o(.ARM.exidx) refers to rtexit2.o(.ARM.Collect$$rtexit$$00000003) for .ARM.Collect$$rtexit$$00000003
    rtexit2.o(.ARM.exidx) refers to rtexit2.o(.ARM.Collect$$rtexit$$00000004) for .ARM.Collect$$rtexit$$00000004
    argv_veneer.o(.emb_text) refers to no_argv.o(.text) for __ARM_get_argv
    sys_exit.o(.text) refers (Special) to use_no_semi.o(.text) for __I$use$semihosting
    sys_exit.o(.text) refers (Special) to indicate_semi.o(.text) for __semihosting_library_function
    sys_exit_hlt.o(.text) refers (Special) to use_no_semi.o(.text) for __I$use$semihosting
    sys_exit_hlt.o(.text) refers (Special) to indicate_semi.o(.text) for __semihosting_library_function
    _get_argv_nomalloc.o(.text) refers (Special) to hrguard.o(.text) for __heap_region$guard
    _get_argv_nomalloc.o(.text) refers to defsig_rtmem_outer.o(.text) for __rt_SIGRTMEM
    _get_argv_nomalloc.o(.text) refers to sys_command.o(.text) for _sys_command_string
    libshutdown.o(.ARM.Collect$$libshutdown$$00000000) refers (Special) to libshutdown2.o(.ARM.Collect$$libshutdown$$00000002) for __rt_lib_shutdown_cpp_1
    libshutdown.o(.ARM.Collect$$libshutdown$$00000000) refers (Special) to libshutdown2.o(.ARM.Collect$$libshutdown$$00000007) for __rt_lib_shutdown_fp_trap_1
    libshutdown.o(.ARM.Collect$$libshutdown$$00000000) refers (Special) to libshutdown2.o(.ARM.Collect$$libshutdown$$0000000F) for __rt_lib_shutdown_heap_1
    libshutdown.o(.ARM.Collect$$libshutdown$$00000000) refers (Special) to libshutdown2.o(.ARM.Collect$$libshutdown$$00000010) for __rt_lib_shutdown_return
    libshutdown.o(.ARM.Collect$$libshutdown$$00000000) refers (Special) to libshutdown2.o(.ARM.Collect$$libshutdown$$0000000A) for __rt_lib_shutdown_signal_1
    libshutdown.o(.ARM.Collect$$libshutdown$$00000000) refers (Special) to libshutdown2.o(.ARM.Collect$$libshutdown$$00000004) for __rt_lib_shutdown_stdio_1
    libshutdown.o(.ARM.Collect$$libshutdown$$00000000) refers (Special) to libshutdown2.o(.ARM.Collect$$libshutdown$$0000000C) for __rt_lib_shutdown_user_alloc_1
    sys_command.o(.text) refers (Special) to use_no_semi.o(.text) for __I$use$semihosting
    sys_command.o(.text) refers (Special) to indicate_semi.o(.text) for __semihosting_library_function
    sys_command_hlt.o(.text) refers (Special) to use_no_semi.o(.text) for __I$use$semihosting
    sys_command_hlt.o(.text) refers (Special) to indicate_semi.o(.text) for __semihosting_library_function
    defsig_rtmem_outer.o(.text) refers to defsig_rtmem_inner.o(.text) for __rt_SIGRTMEM_inner
    defsig_rtmem_outer.o(.text) refers to defsig_exit.o(.text) for __sig_exit
    defsig_rtmem_formal.o(.text) refers to rt_raise.o(.text) for __rt_raise
    rt_raise.o(.text) refers to __raise.o(.text) for __raise
    rt_raise.o(.text) refers to sys_exit.o(.text) for _sys_exit
    defsig_exit.o(.text) refers to sys_exit.o(.text) for _sys_exit
    defsig_rtmem_inner.o(.text) refers to defsig_general.o(.text) for __default_signal_display
    __raise.o(.text) refers to defsig.o(CL$$defsig) for __default_signal_handler
    defsig_general.o(.text) refers to sys_wrch.o(.text) for _ttywrch
    sys_wrch.o(.text) refers (Special) to use_no_semi.o(.text) for __I$use$semihosting
    sys_wrch.o(.text) refers (Special) to indicate_semi.o(.text) for __semihosting_library_function
    sys_wrch_hlt.o(.text) refers (Special) to use_no_semi.o(.text) for __I$use$semihosting
    sys_wrch_hlt.o(.text) refers (Special) to indicate_semi.o(.text) for __semihosting_library_function
    defsig.o(CL$$defsig) refers to defsig_rtmem_inner.o(.text) for __rt_SIGRTMEM_inner
    defsig_abrt_inner.o(.text) refers to defsig_general.o(.text) for __default_signal_display
    defsig_fpe_inner.o(.text) refers to defsig_general.o(.text) for __default_signal_display
    defsig_rtred_inner.o(.text) refers to defsig_general.o(.text) for __default_signal_display
    defsig_stak_inner.o(.text) refers to defsig_general.o(.text) for __default_signal_display
    defsig_pvfn_inner.o(.text) refers to defsig_general.o(.text) for __default_signal_display
    defsig_cppl_inner.o(.text) refers to defsig_general.o(.text) for __default_signal_display
    defsig_segv_inner.o(.text) refers to defsig_general.o(.text) for __default_signal_display
    defsig_other.o(.text) refers to defsig_general.o(.text) for __default_signal_display


==============================================================================

Removing Unused input sections from the image.

    Removing systick.o(.text), (0 bytes).
    Removing systick.o(.ARM.exidx.text.systick_config), (8 bytes).
    Removing systick.o(.ARM.exidx.text.SysTick_Config), (8 bytes).
    Removing systick.o(.ARM.exidx.text.__NVIC_SetPriority), (8 bytes).
    Removing systick.o(.text.delay_1ms), (24 bytes).
    Removing systick.o(.ARM.exidx.text.delay_1ms), (8 bytes).
    Removing systick.o(.ARM.exidx.text.delay_10us), (8 bytes).
    Removing systick.o(.ARM.exidx.text.delay_decrement), (8 bytes).
    Removing jbuhover.o(.text), (0 bytes).
    Removing jbuhover.o(.text.delay), (2 bytes).
    Removing jbuhover.o(.ARM.exidx.text.delay), (8 bytes).
    Removing jbuhover.o(.ARM.exidx.text.main), (8 bytes).
    Removing jbuhover.o(.ARM.use_no_argv), (4 bytes).
    Removing gd32f1x0_it.o(.text), (0 bytes).
    Removing gd32f1x0_it.o(.ARM.exidx.text.NMI_Handler), (8 bytes).
    Removing gd32f1x0_it.o(.ARM.exidx.text.HardFault_Handler), (8 bytes).
    Removing gd32f1x0_it.o(.ARM.exidx.text.MemManage_Handler), (8 bytes).
    Removing gd32f1x0_it.o(.ARM.exidx.text.BusFault_Handler), (8 bytes).
    Removing gd32f1x0_it.o(.ARM.exidx.text.UsageFault_Handler), (8 bytes).
    Removing gd32f1x0_it.o(.ARM.exidx.text.SVC_Handler), (8 bytes).
    Removing gd32f1x0_it.o(.ARM.exidx.text.DebugMon_Handler), (8 bytes).
    Removing gd32f1x0_it.o(.ARM.exidx.text.PendSV_Handler), (8 bytes).
    Removing gd32f1x0_it.o(.ARM.exidx.text.SysTick_Handler), (8 bytes).
    Removing initialization.o(.text), (0 bytes).
    Removing initialization.o(.ARM.exidx.text.GPIO_Init), (8 bytes).
    Removing operations.o(.text), (0 bytes).
    Removing operations.o(.ARM.exidx.text.RED_LED_ON), (8 bytes).
    Removing operations.o(.ARM.exidx.text.RED_LED_OFF), (8 bytes).
    Removing operations.o(.ARM.exidx.text.GREEN_LED_ON), (8 bytes).
    Removing operations.o(.ARM.exidx.text.GREEN_LED_OFF), (8 bytes).
    Removing operations.o(.ARM.exidx.text.BUZER_ON), (8 bytes).
    Removing operations.o(.ARM.exidx.text.BUZER_OFF), (8 bytes).
    Removing operations.o(.ARM.exidx.text.BLDC_angle_0), (8 bytes).
    Removing operations.o(.ARM.exidx.text.BLDC_angle_60), (8 bytes).
    Removing operations.o(.ARM.exidx.text.BLDC_angle_120), (8 bytes).
    Removing operations.o(.ARM.exidx.text.BLDC_angle_180), (8 bytes).
    Removing operations.o(.ARM.exidx.text.BLDC_angle_240), (8 bytes).
    Removing operations.o(.ARM.exidx.text.BLDC_angle_360), (8 bytes).
    Removing led.o(.text), (0 bytes).
    Removing led.o(.text.LED_Initialize), (84 bytes).
    Removing led.o(.ARM.exidx.text.LED_Initialize), (8 bytes).
    Removing led.o(.text.LED_SetOut), (40 bytes).
    Removing led.o(.ARM.exidx.text.LED_SetOut), (8 bytes).
    Removing led.o(.text.LED_On), (34 bytes).
    Removing led.o(.ARM.exidx.text.LED_On), (8 bytes).
    Removing led.o(.text.LED_Off), (36 bytes).
    Removing led.o(.ARM.exidx.text.LED_Off), (8 bytes).
    Removing led.o(.text.LED_GetCount), (4 bytes).
    Removing led.o(.ARM.exidx.text.LED_GetCount), (8 bytes).
    Removing led.o(.rodata.led_mask), (8 bytes).
    Removing gd32f1x0_adc.o(.text), (0 bytes).
    Removing gd32f1x0_adc.o(.text.adc_deinit), (20 bytes).
    Removing gd32f1x0_adc.o(.ARM.exidx.text.adc_deinit), (8 bytes).
    Removing gd32f1x0_adc.o(.text.adc_enable), (26 bytes).
    Removing gd32f1x0_adc.o(.ARM.exidx.text.adc_enable), (8 bytes).
    Removing gd32f1x0_adc.o(.text.adc_disable), (18 bytes).
    Removing gd32f1x0_adc.o(.ARM.exidx.text.adc_disable), (8 bytes).
    Removing gd32f1x0_adc.o(.text.adc_calibration_enable), (40 bytes).
    Removing gd32f1x0_adc.o(.ARM.exidx.text.adc_calibration_enable), (8 bytes).
    Removing gd32f1x0_adc.o(.text.adc_dma_mode_enable), (18 bytes).
    Removing gd32f1x0_adc.o(.ARM.exidx.text.adc_dma_mode_enable), (8 bytes).
    Removing gd32f1x0_adc.o(.text.adc_dma_mode_disable), (18 bytes).
    Removing gd32f1x0_adc.o(.ARM.exidx.text.adc_dma_mode_disable), (8 bytes).
    Removing gd32f1x0_adc.o(.text.adc_tempsensor_vrefint_enable), (18 bytes).
    Removing gd32f1x0_adc.o(.ARM.exidx.text.adc_tempsensor_vrefint_enable), (8 bytes).
    Removing gd32f1x0_adc.o(.text.adc_tempsensor_vrefint_disable), (18 bytes).
    Removing gd32f1x0_adc.o(.ARM.exidx.text.adc_tempsensor_vrefint_disable), (8 bytes).
    Removing gd32f1x0_adc.o(.text.adc_vbat_enable), (18 bytes).
    Removing gd32f1x0_adc.o(.ARM.exidx.text.adc_vbat_enable), (8 bytes).
    Removing gd32f1x0_adc.o(.text.adc_vbat_disable), (18 bytes).
    Removing gd32f1x0_adc.o(.ARM.exidx.text.adc_vbat_disable), (8 bytes).
    Removing gd32f1x0_adc.o(.text.adc_discontinuous_mode_config), (68 bytes).
    Removing gd32f1x0_adc.o(.ARM.exidx.text.adc_discontinuous_mode_config), (8 bytes).
    Removing gd32f1x0_adc.o(.text.adc_special_function_config), (112 bytes).
    Removing gd32f1x0_adc.o(.ARM.exidx.text.adc_special_function_config), (8 bytes).
    Removing gd32f1x0_adc.o(.text.adc_data_alignment_config), (26 bytes).
    Removing gd32f1x0_adc.o(.ARM.exidx.text.adc_data_alignment_config), (8 bytes).
    Removing gd32f1x0_adc.o(.text.adc_channel_length_config), (82 bytes).
    Removing gd32f1x0_adc.o(.ARM.exidx.text.adc_channel_length_config), (8 bytes).
    Removing gd32f1x0_adc.o(.text.adc_regular_channel_config), (180 bytes).
    Removing gd32f1x0_adc.o(.ARM.exidx.text.adc_regular_channel_config), (8 bytes).
    Removing gd32f1x0_adc.o(.text.adc_inserted_channel_config), (114 bytes).
    Removing gd32f1x0_adc.o(.ARM.exidx.text.adc_inserted_channel_config), (8 bytes).
    Removing gd32f1x0_adc.o(.text.adc_inserted_channel_offset_config), (32 bytes).
    Removing gd32f1x0_adc.o(.ARM.exidx.text.adc_inserted_channel_offset_config), (8 bytes).
    Removing gd32f1x0_adc.o(.text.adc_external_trigger_config), (84 bytes).
    Removing gd32f1x0_adc.o(.ARM.exidx.text.adc_external_trigger_config), (8 bytes).
    Removing gd32f1x0_adc.o(.text.adc_external_trigger_source_config), (42 bytes).
    Removing gd32f1x0_adc.o(.ARM.exidx.text.adc_external_trigger_source_config), (8 bytes).
    Removing gd32f1x0_adc.o(.text.adc_software_trigger_enable), (36 bytes).
    Removing gd32f1x0_adc.o(.ARM.exidx.text.adc_software_trigger_enable), (8 bytes).
    Removing gd32f1x0_adc.o(.text.adc_regular_data_read), (14 bytes).
    Removing gd32f1x0_adc.o(.ARM.exidx.text.adc_regular_data_read), (8 bytes).
    Removing gd32f1x0_adc.o(.text.adc_inserted_data_read), (74 bytes).
    Removing gd32f1x0_adc.o(.ARM.exidx.text.adc_inserted_data_read), (8 bytes).
    Removing gd32f1x0_adc.o(.text.adc_flag_get), (18 bytes).
    Removing gd32f1x0_adc.o(.ARM.exidx.text.adc_flag_get), (8 bytes).
    Removing gd32f1x0_adc.o(.text.adc_flag_clear), (18 bytes).
    Removing gd32f1x0_adc.o(.ARM.exidx.text.adc_flag_clear), (8 bytes).
    Removing gd32f1x0_adc.o(.text.adc_interrupt_flag_get), (74 bytes).
    Removing gd32f1x0_adc.o(.ARM.exidx.text.adc_interrupt_flag_get), (8 bytes).
    Removing gd32f1x0_adc.o(.text.adc_interrupt_flag_clear), (18 bytes).
    Removing gd32f1x0_adc.o(.ARM.exidx.text.adc_interrupt_flag_clear), (8 bytes).
    Removing gd32f1x0_adc.o(.text.adc_interrupt_enable), (48 bytes).
    Removing gd32f1x0_adc.o(.ARM.exidx.text.adc_interrupt_enable), (8 bytes).
    Removing gd32f1x0_adc.o(.text.adc_interrupt_disable), (48 bytes).
    Removing gd32f1x0_adc.o(.ARM.exidx.text.adc_interrupt_disable), (8 bytes).
    Removing gd32f1x0_adc.o(.text.adc_watchdog_single_channel_enable), (42 bytes).
    Removing gd32f1x0_adc.o(.ARM.exidx.text.adc_watchdog_single_channel_enable), (8 bytes).
    Removing gd32f1x0_adc.o(.text.adc_watchdog_group_channel_enable), (60 bytes).
    Removing gd32f1x0_adc.o(.ARM.exidx.text.adc_watchdog_group_channel_enable), (8 bytes).
    Removing gd32f1x0_adc.o(.text.adc_watchdog_disable), (24 bytes).
    Removing gd32f1x0_adc.o(.ARM.exidx.text.adc_watchdog_disable), (8 bytes).
    Removing gd32f1x0_adc.o(.text.adc_watchdog_threshold_config), (22 bytes).
    Removing gd32f1x0_adc.o(.ARM.exidx.text.adc_watchdog_threshold_config), (8 bytes).
    Removing gd32f1x0_exti.o(.text), (0 bytes).
    Removing gd32f1x0_exti.o(.text.exti_deinit), (26 bytes).
    Removing gd32f1x0_exti.o(.ARM.exidx.text.exti_deinit), (8 bytes).
    Removing gd32f1x0_exti.o(.text.exti_init), (156 bytes).
    Removing gd32f1x0_exti.o(.ARM.exidx.text.exti_init), (8 bytes).
    Removing gd32f1x0_exti.o(.text.exti_interrupt_enable), (16 bytes).
    Removing gd32f1x0_exti.o(.ARM.exidx.text.exti_interrupt_enable), (8 bytes).
    Removing gd32f1x0_exti.o(.text.exti_event_enable), (16 bytes).
    Removing gd32f1x0_exti.o(.ARM.exidx.text.exti_event_enable), (8 bytes).
    Removing gd32f1x0_exti.o(.text.exti_interrupt_disable), (18 bytes).
    Removing gd32f1x0_exti.o(.ARM.exidx.text.exti_interrupt_disable), (8 bytes).
    Removing gd32f1x0_exti.o(.text.exti_event_disable), (18 bytes).
    Removing gd32f1x0_exti.o(.ARM.exidx.text.exti_event_disable), (8 bytes).
    Removing gd32f1x0_exti.o(.text.exti_flag_get), (18 bytes).
    Removing gd32f1x0_exti.o(.ARM.exidx.text.exti_flag_get), (8 bytes).
    Removing gd32f1x0_exti.o(.text.exti_flag_clear), (12 bytes).
    Removing gd32f1x0_exti.o(.ARM.exidx.text.exti_flag_clear), (8 bytes).
    Removing gd32f1x0_exti.o(.text.exti_interrupt_flag_get), (32 bytes).
    Removing gd32f1x0_exti.o(.ARM.exidx.text.exti_interrupt_flag_get), (8 bytes).
    Removing gd32f1x0_exti.o(.text.exti_interrupt_flag_clear), (12 bytes).
    Removing gd32f1x0_exti.o(.ARM.exidx.text.exti_interrupt_flag_clear), (8 bytes).
    Removing gd32f1x0_exti.o(.text.exti_software_interrupt_enable), (16 bytes).
    Removing gd32f1x0_exti.o(.ARM.exidx.text.exti_software_interrupt_enable), (8 bytes).
    Removing gd32f1x0_exti.o(.text.exti_software_interrupt_disable), (18 bytes).
    Removing gd32f1x0_exti.o(.ARM.exidx.text.exti_software_interrupt_disable), (8 bytes).
    Removing gd32f1x0_gpio.o(.text), (0 bytes).
    Removing gd32f1x0_gpio.o(.text.gpio_deinit), (66 bytes).
    Removing gd32f1x0_gpio.o(.ARM.exidx.text.gpio_deinit), (8 bytes).
    Removing gd32f1x0_gpio.o(.ARM.exidx.text.gpio_mode_set), (8 bytes).
    Removing gd32f1x0_gpio.o(.ARM.exidx.text.gpio_output_options_set), (8 bytes).
    Removing gd32f1x0_gpio.o(.ARM.exidx.text.gpio_bit_set), (8 bytes).
    Removing gd32f1x0_gpio.o(.ARM.exidx.text.gpio_bit_reset), (8 bytes).
    Removing gd32f1x0_gpio.o(.text.gpio_bit_write), (12 bytes).
    Removing gd32f1x0_gpio.o(.ARM.exidx.text.gpio_bit_write), (8 bytes).
    Removing gd32f1x0_gpio.o(.text.gpio_port_write), (4 bytes).
    Removing gd32f1x0_gpio.o(.ARM.exidx.text.gpio_port_write), (8 bytes).
    Removing gd32f1x0_gpio.o(.text.gpio_input_bit_get), (10 bytes).
    Removing gd32f1x0_gpio.o(.ARM.exidx.text.gpio_input_bit_get), (8 bytes).
    Removing gd32f1x0_gpio.o(.text.gpio_input_port_get), (6 bytes).
    Removing gd32f1x0_gpio.o(.ARM.exidx.text.gpio_input_port_get), (8 bytes).
    Removing gd32f1x0_gpio.o(.text.gpio_output_bit_get), (10 bytes).
    Removing gd32f1x0_gpio.o(.ARM.exidx.text.gpio_output_bit_get), (8 bytes).
    Removing gd32f1x0_gpio.o(.text.gpio_output_port_get), (6 bytes).
    Removing gd32f1x0_gpio.o(.ARM.exidx.text.gpio_output_port_get), (8 bytes).
    Removing gd32f1x0_gpio.o(.text.gpio_af_set), (110 bytes).
    Removing gd32f1x0_gpio.o(.ARM.exidx.text.gpio_af_set), (8 bytes).
    Removing gd32f1x0_gpio.o(.text.gpio_pin_lock), (16 bytes).
    Removing gd32f1x0_gpio.o(.ARM.exidx.text.gpio_pin_lock), (8 bytes).
    Removing gd32f1x0_misc.o(.text), (0 bytes).
    Removing gd32f1x0_misc.o(.text.nvic_priority_group_set), (20 bytes).
    Removing gd32f1x0_misc.o(.ARM.exidx.text.nvic_priority_group_set), (8 bytes).
    Removing gd32f1x0_misc.o(.text.nvic_irq_enable), (168 bytes).
    Removing gd32f1x0_misc.o(.ARM.exidx.text.nvic_irq_enable), (8 bytes).
    Removing gd32f1x0_misc.o(.text.nvic_irq_disable), (30 bytes).
    Removing gd32f1x0_misc.o(.ARM.exidx.text.nvic_irq_disable), (8 bytes).
    Removing gd32f1x0_misc.o(.text.nvic_vector_table_set), (24 bytes).
    Removing gd32f1x0_misc.o(.ARM.exidx.text.nvic_vector_table_set), (8 bytes).
    Removing gd32f1x0_misc.o(.text.system_lowpower_set), (16 bytes).
    Removing gd32f1x0_misc.o(.ARM.exidx.text.system_lowpower_set), (8 bytes).
    Removing gd32f1x0_misc.o(.text.system_lowpower_reset), (18 bytes).
    Removing gd32f1x0_misc.o(.ARM.exidx.text.system_lowpower_reset), (8 bytes).
    Removing gd32f1x0_misc.o(.text.systick_clksource_set), (24 bytes).
    Removing gd32f1x0_misc.o(.ARM.exidx.text.systick_clksource_set), (8 bytes).
    Removing gd32f1x0_rcu.o(.text), (0 bytes).
    Removing gd32f1x0_rcu.o(.text.rcu_deinit), (112 bytes).
    Removing gd32f1x0_rcu.o(.ARM.exidx.text.rcu_deinit), (8 bytes).
    Removing gd32f1x0_rcu.o(.ARM.exidx.text.rcu_periph_clock_enable), (8 bytes).
    Removing gd32f1x0_rcu.o(.text.rcu_periph_clock_disable), (32 bytes).
    Removing gd32f1x0_rcu.o(.ARM.exidx.text.rcu_periph_clock_disable), (8 bytes).
    Removing gd32f1x0_rcu.o(.text.rcu_periph_clock_sleep_enable), (30 bytes).
    Removing gd32f1x0_rcu.o(.ARM.exidx.text.rcu_periph_clock_sleep_enable), (8 bytes).
    Removing gd32f1x0_rcu.o(.text.rcu_periph_clock_sleep_disable), (32 bytes).
    Removing gd32f1x0_rcu.o(.ARM.exidx.text.rcu_periph_clock_sleep_disable), (8 bytes).
    Removing gd32f1x0_rcu.o(.text.rcu_periph_reset_enable), (30 bytes).
    Removing gd32f1x0_rcu.o(.ARM.exidx.text.rcu_periph_reset_enable), (8 bytes).
    Removing gd32f1x0_rcu.o(.text.rcu_periph_reset_disable), (32 bytes).
    Removing gd32f1x0_rcu.o(.ARM.exidx.text.rcu_periph_reset_disable), (8 bytes).
    Removing gd32f1x0_rcu.o(.text.rcu_bkp_reset_enable), (18 bytes).
    Removing gd32f1x0_rcu.o(.ARM.exidx.text.rcu_bkp_reset_enable), (8 bytes).
    Removing gd32f1x0_rcu.o(.text.rcu_bkp_reset_disable), (18 bytes).
    Removing gd32f1x0_rcu.o(.ARM.exidx.text.rcu_bkp_reset_disable), (8 bytes).
    Removing gd32f1x0_rcu.o(.text.rcu_system_clock_source_config), (20 bytes).
    Removing gd32f1x0_rcu.o(.ARM.exidx.text.rcu_system_clock_source_config), (8 bytes).
    Removing gd32f1x0_rcu.o(.text.rcu_system_clock_source_get), (16 bytes).
    Removing gd32f1x0_rcu.o(.ARM.exidx.text.rcu_system_clock_source_get), (8 bytes).
    Removing gd32f1x0_rcu.o(.text.rcu_ahb_clock_config), (20 bytes).
    Removing gd32f1x0_rcu.o(.ARM.exidx.text.rcu_ahb_clock_config), (8 bytes).
    Removing gd32f1x0_rcu.o(.text.rcu_apb1_clock_config), (20 bytes).
    Removing gd32f1x0_rcu.o(.ARM.exidx.text.rcu_apb1_clock_config), (8 bytes).
    Removing gd32f1x0_rcu.o(.text.rcu_apb2_clock_config), (20 bytes).
    Removing gd32f1x0_rcu.o(.ARM.exidx.text.rcu_apb2_clock_config), (8 bytes).
    Removing gd32f1x0_rcu.o(.text.rcu_adc_clock_config), (88 bytes).
    Removing gd32f1x0_rcu.o(.ARM.exidx.text.rcu_adc_clock_config), (8 bytes).
    Removing gd32f1x0_rcu.o(.text.rcu_usbd_clock_config), (24 bytes).
    Removing gd32f1x0_rcu.o(.ARM.exidx.text.rcu_usbd_clock_config), (8 bytes).
    Removing gd32f1x0_rcu.o(.text.rcu_ckout_config), (22 bytes).
    Removing gd32f1x0_rcu.o(.ARM.exidx.text.rcu_ckout_config), (8 bytes).
    Removing gd32f1x0_rcu.o(.text.rcu_pll_config), (36 bytes).
    Removing gd32f1x0_rcu.o(.ARM.exidx.text.rcu_pll_config), (8 bytes).
    Removing gd32f1x0_rcu.o(.text.rcu_usart_clock_config), (24 bytes).
    Removing gd32f1x0_rcu.o(.ARM.exidx.text.rcu_usart_clock_config), (8 bytes).
    Removing gd32f1x0_rcu.o(.text.rcu_cec_clock_config), (24 bytes).
    Removing gd32f1x0_rcu.o(.ARM.exidx.text.rcu_cec_clock_config), (8 bytes).
    Removing gd32f1x0_rcu.o(.text.rcu_rtc_clock_config), (24 bytes).
    Removing gd32f1x0_rcu.o(.ARM.exidx.text.rcu_rtc_clock_config), (8 bytes).
    Removing gd32f1x0_rcu.o(.text.rcu_hxtal_prediv_config), (20 bytes).
    Removing gd32f1x0_rcu.o(.ARM.exidx.text.rcu_hxtal_prediv_config), (8 bytes).
    Removing gd32f1x0_rcu.o(.text.rcu_lxtal_drive_capability_config), (24 bytes).
    Removing gd32f1x0_rcu.o(.ARM.exidx.text.rcu_lxtal_drive_capability_config), (8 bytes).
    Removing gd32f1x0_rcu.o(.text.rcu_flag_get), (26 bytes).
    Removing gd32f1x0_rcu.o(.ARM.exidx.text.rcu_flag_get), (8 bytes).
    Removing gd32f1x0_rcu.o(.text.rcu_all_reset_flag_clear), (18 bytes).
    Removing gd32f1x0_rcu.o(.ARM.exidx.text.rcu_all_reset_flag_clear), (8 bytes).
    Removing gd32f1x0_rcu.o(.text.rcu_interrupt_flag_get), (18 bytes).
    Removing gd32f1x0_rcu.o(.ARM.exidx.text.rcu_interrupt_flag_get), (8 bytes).
    Removing gd32f1x0_rcu.o(.text.rcu_interrupt_flag_clear), (16 bytes).
    Removing gd32f1x0_rcu.o(.ARM.exidx.text.rcu_interrupt_flag_clear), (8 bytes).
    Removing gd32f1x0_rcu.o(.text.rcu_interrupt_enable), (16 bytes).
    Removing gd32f1x0_rcu.o(.ARM.exidx.text.rcu_interrupt_enable), (8 bytes).
    Removing gd32f1x0_rcu.o(.text.rcu_interrupt_disable), (18 bytes).
    Removing gd32f1x0_rcu.o(.ARM.exidx.text.rcu_interrupt_disable), (8 bytes).
    Removing gd32f1x0_rcu.o(.text.rcu_osci_stab_wait), (254 bytes).
    Removing gd32f1x0_rcu.o(.ARM.exidx.text.rcu_osci_stab_wait), (8 bytes).
    Removing gd32f1x0_rcu.o(.text.rcu_osci_on), (30 bytes).
    Removing gd32f1x0_rcu.o(.ARM.exidx.text.rcu_osci_on), (8 bytes).
    Removing gd32f1x0_rcu.o(.text.rcu_osci_off), (32 bytes).
    Removing gd32f1x0_rcu.o(.ARM.exidx.text.rcu_osci_off), (8 bytes).
    Removing gd32f1x0_rcu.o(.text.rcu_osci_bypass_mode_enable), (64 bytes).
    Removing gd32f1x0_rcu.o(.ARM.exidx.text.rcu_osci_bypass_mode_enable), (8 bytes).
    Removing gd32f1x0_rcu.o(.text.rcu_osci_bypass_mode_disable), (64 bytes).
    Removing gd32f1x0_rcu.o(.ARM.exidx.text.rcu_osci_bypass_mode_disable), (8 bytes).
    Removing gd32f1x0_rcu.o(.text.rcu_hxtal_clock_monitor_enable), (18 bytes).
    Removing gd32f1x0_rcu.o(.ARM.exidx.text.rcu_hxtal_clock_monitor_enable), (8 bytes).
    Removing gd32f1x0_rcu.o(.text.rcu_hxtal_clock_monitor_disable), (18 bytes).
    Removing gd32f1x0_rcu.o(.ARM.exidx.text.rcu_hxtal_clock_monitor_disable), (8 bytes).
    Removing gd32f1x0_rcu.o(.text.rcu_irc8m_adjust_value_set), (22 bytes).
    Removing gd32f1x0_rcu.o(.ARM.exidx.text.rcu_irc8m_adjust_value_set), (8 bytes).
    Removing gd32f1x0_rcu.o(.text.rcu_irc14m_adjust_value_set), (22 bytes).
    Removing gd32f1x0_rcu.o(.ARM.exidx.text.rcu_irc14m_adjust_value_set), (8 bytes).
    Removing gd32f1x0_rcu.o(.text.rcu_voltage_key_unlock), (30 bytes).
    Removing gd32f1x0_rcu.o(.ARM.exidx.text.rcu_voltage_key_unlock), (8 bytes).
    Removing gd32f1x0_rcu.o(.text.rcu_deepsleep_voltage_set), (24 bytes).
    Removing gd32f1x0_rcu.o(.ARM.exidx.text.rcu_deepsleep_voltage_set), (8 bytes).
    Removing gd32f1x0_rcu.o(.text.rcu_power_down_voltage_set), (24 bytes).
    Removing gd32f1x0_rcu.o(.ARM.exidx.text.rcu_power_down_voltage_set), (8 bytes).
    Removing gd32f1x0_rcu.o(.text.rcu_clock_freq_get), (336 bytes).
    Removing gd32f1x0_rcu.o(.ARM.exidx.text.rcu_clock_freq_get), (8 bytes).
    Removing gd32f1x0_syscfg.o(.text), (0 bytes).
    Removing gd32f1x0_syscfg.o(.text.syscfg_deinit), (20 bytes).
    Removing gd32f1x0_syscfg.o(.ARM.exidx.text.syscfg_deinit), (8 bytes).
    Removing gd32f1x0_syscfg.o(.text.syscfg_dma_remap_enable), (14 bytes).
    Removing gd32f1x0_syscfg.o(.ARM.exidx.text.syscfg_dma_remap_enable), (8 bytes).
    Removing gd32f1x0_syscfg.o(.text.syscfg_dma_remap_disable), (16 bytes).
    Removing gd32f1x0_syscfg.o(.ARM.exidx.text.syscfg_dma_remap_disable), (8 bytes).
    Removing gd32f1x0_syscfg.o(.text.syscfg_high_current_enable), (16 bytes).
    Removing gd32f1x0_syscfg.o(.ARM.exidx.text.syscfg_high_current_enable), (8 bytes).
    Removing gd32f1x0_syscfg.o(.text.syscfg_high_current_disable), (16 bytes).
    Removing gd32f1x0_syscfg.o(.ARM.exidx.text.syscfg_high_current_disable), (8 bytes).
    Removing gd32f1x0_syscfg.o(.text.syscfg_exti_line_config), (124 bytes).
    Removing gd32f1x0_syscfg.o(.ARM.exidx.text.syscfg_exti_line_config), (8 bytes).
    Removing gd32f1x0_syscfg.o(.text.syscfg_lock_config), (14 bytes).
    Removing gd32f1x0_syscfg.o(.ARM.exidx.text.syscfg_lock_config), (8 bytes).
    Removing gd32f1x0_syscfg.o(.text.syscfg_flag_get), (16 bytes).
    Removing gd32f1x0_syscfg.o(.ARM.exidx.text.syscfg_flag_get), (8 bytes).
    Removing gd32f1x0_syscfg.o(.text.syscfg_flag_clear), (14 bytes).
    Removing gd32f1x0_syscfg.o(.ARM.exidx.text.syscfg_flag_clear), (8 bytes).
    Removing gd32f1x0_usart.o(.text), (0 bytes).
    Removing gd32f1x0_usart.o(.text.usart_deinit), (52 bytes).
    Removing gd32f1x0_usart.o(.ARM.exidx.text.usart_deinit), (8 bytes).
    Removing gd32f1x0_usart.o(.text.usart_baudrate_set), (90 bytes).
    Removing gd32f1x0_usart.o(.ARM.exidx.text.usart_baudrate_set), (8 bytes).
    Removing gd32f1x0_usart.o(.text.usart_parity_config), (24 bytes).
    Removing gd32f1x0_usart.o(.ARM.exidx.text.usart_parity_config), (8 bytes).
    Removing gd32f1x0_usart.o(.text.usart_word_length_set), (24 bytes).
    Removing gd32f1x0_usart.o(.ARM.exidx.text.usart_word_length_set), (8 bytes).
    Removing gd32f1x0_usart.o(.text.usart_stop_bit_set), (24 bytes).
    Removing gd32f1x0_usart.o(.ARM.exidx.text.usart_stop_bit_set), (8 bytes).
    Removing gd32f1x0_usart.o(.text.usart_enable), (10 bytes).
    Removing gd32f1x0_usart.o(.ARM.exidx.text.usart_enable), (8 bytes).
    Removing gd32f1x0_usart.o(.text.usart_disable), (10 bytes).
    Removing gd32f1x0_usart.o(.ARM.exidx.text.usart_disable), (8 bytes).
    Removing gd32f1x0_usart.o(.text.usart_transmit_config), (16 bytes).
    Removing gd32f1x0_usart.o(.ARM.exidx.text.usart_transmit_config), (8 bytes).
    Removing gd32f1x0_usart.o(.text.usart_receive_config), (16 bytes).
    Removing gd32f1x0_usart.o(.ARM.exidx.text.usart_receive_config), (8 bytes).
    Removing gd32f1x0_usart.o(.text.usart_data_transmit), (8 bytes).
    Removing gd32f1x0_usart.o(.ARM.exidx.text.usart_data_transmit), (8 bytes).
    Removing gd32f1x0_usart.o(.text.usart_data_receive), (8 bytes).
    Removing gd32f1x0_usart.o(.ARM.exidx.text.usart_data_receive), (8 bytes).
    Removing gd32f1x0_usart.o(.text.usart_data_first_config), (28 bytes).
    Removing gd32f1x0_usart.o(.ARM.exidx.text.usart_data_first_config), (8 bytes).
    Removing gd32f1x0_usart.o(.text.usart_invert_config), (106 bytes).
    Removing gd32f1x0_usart.o(.ARM.exidx.text.usart_invert_config), (8 bytes).
    Removing gd32f1x0_usart.o(.text.usart_overrun_enable), (18 bytes).
    Removing gd32f1x0_usart.o(.ARM.exidx.text.usart_overrun_enable), (8 bytes).
    Removing gd32f1x0_usart.o(.text.usart_overrun_disable), (18 bytes).
    Removing gd32f1x0_usart.o(.ARM.exidx.text.usart_overrun_disable), (8 bytes).
    Removing gd32f1x0_usart.o(.text.usart_oversample_config), (24 bytes).
    Removing gd32f1x0_usart.o(.ARM.exidx.text.usart_oversample_config), (8 bytes).
    Removing gd32f1x0_usart.o(.text.usart_sample_bit_config), (24 bytes).
    Removing gd32f1x0_usart.o(.ARM.exidx.text.usart_sample_bit_config), (8 bytes).
    Removing gd32f1x0_usart.o(.text.usart_autobaud_detection_enable), (10 bytes).
    Removing gd32f1x0_usart.o(.ARM.exidx.text.usart_autobaud_detection_enable), (8 bytes).
    Removing gd32f1x0_usart.o(.text.usart_autobaud_detection_disable), (10 bytes).
    Removing gd32f1x0_usart.o(.ARM.exidx.text.usart_autobaud_detection_disable), (8 bytes).
    Removing gd32f1x0_usart.o(.text.usart_autobaud_detection_mode_config), (16 bytes).
    Removing gd32f1x0_usart.o(.ARM.exidx.text.usart_autobaud_detection_mode_config), (8 bytes).
    Removing gd32f1x0_usart.o(.text.usart_mute_mode_enable), (10 bytes).
    Removing gd32f1x0_usart.o(.ARM.exidx.text.usart_mute_mode_enable), (8 bytes).
    Removing gd32f1x0_usart.o(.text.usart_mute_mode_disable), (10 bytes).
    Removing gd32f1x0_usart.o(.ARM.exidx.text.usart_mute_mode_disable), (8 bytes).
    Removing gd32f1x0_usart.o(.text.usart_mute_mode_wakeup_config), (24 bytes).
    Removing gd32f1x0_usart.o(.ARM.exidx.text.usart_mute_mode_wakeup_config), (8 bytes).
    Removing gd32f1x0_usart.o(.text.usart_address_detection_mode_config), (28 bytes).
    Removing gd32f1x0_usart.o(.ARM.exidx.text.usart_address_detection_mode_config), (8 bytes).
    Removing gd32f1x0_usart.o(.text.usart_address_config), (26 bytes).
    Removing gd32f1x0_usart.o(.ARM.exidx.text.usart_address_config), (8 bytes).
    Removing gd32f1x0_usart.o(.text.usart_receiver_timeout_enable), (10 bytes).
    Removing gd32f1x0_usart.o(.ARM.exidx.text.usart_receiver_timeout_enable), (8 bytes).
    Removing gd32f1x0_usart.o(.text.usart_receiver_timeout_disable), (10 bytes).
    Removing gd32f1x0_usart.o(.ARM.exidx.text.usart_receiver_timeout_disable), (8 bytes).
    Removing gd32f1x0_usart.o(.text.usart_receiver_timeout_config), (16 bytes).
    Removing gd32f1x0_usart.o(.ARM.exidx.text.usart_receiver_timeout_config), (8 bytes).
    Removing gd32f1x0_usart.o(.text.usart_lin_mode_enable), (18 bytes).
    Removing gd32f1x0_usart.o(.ARM.exidx.text.usart_lin_mode_enable), (8 bytes).
    Removing gd32f1x0_usart.o(.text.usart_lin_mode_disable), (18 bytes).
    Removing gd32f1x0_usart.o(.ARM.exidx.text.usart_lin_mode_disable), (8 bytes).
    Removing gd32f1x0_usart.o(.text.usart_lin_break_detection_length_config), (20 bytes).
    Removing gd32f1x0_usart.o(.ARM.exidx.text.usart_lin_break_detection_length_config), (8 bytes).
    Removing gd32f1x0_usart.o(.text.usart_halfduplex_enable), (18 bytes).
    Removing gd32f1x0_usart.o(.ARM.exidx.text.usart_halfduplex_enable), (8 bytes).
    Removing gd32f1x0_usart.o(.text.usart_halfduplex_disable), (18 bytes).
    Removing gd32f1x0_usart.o(.ARM.exidx.text.usart_halfduplex_disable), (8 bytes).
    Removing gd32f1x0_usart.o(.text.usart_clock_enable), (18 bytes).
    Removing gd32f1x0_usart.o(.ARM.exidx.text.usart_clock_enable), (8 bytes).
    Removing gd32f1x0_usart.o(.text.usart_clock_disable), (18 bytes).
    Removing gd32f1x0_usart.o(.ARM.exidx.text.usart_clock_disable), (8 bytes).
    Removing gd32f1x0_usart.o(.text.usart_synchronous_clock_config), (60 bytes).
    Removing gd32f1x0_usart.o(.ARM.exidx.text.usart_synchronous_clock_config), (8 bytes).
    Removing gd32f1x0_usart.o(.text.usart_smartcard_mode_enable), (18 bytes).
    Removing gd32f1x0_usart.o(.ARM.exidx.text.usart_smartcard_mode_enable), (8 bytes).
    Removing gd32f1x0_usart.o(.text.usart_smartcard_mode_disable), (18 bytes).
    Removing gd32f1x0_usart.o(.ARM.exidx.text.usart_smartcard_mode_disable), (8 bytes).
    Removing gd32f1x0_usart.o(.text.usart_smartcard_mode_nack_enable), (18 bytes).
    Removing gd32f1x0_usart.o(.ARM.exidx.text.usart_smartcard_mode_nack_enable), (8 bytes).
    Removing gd32f1x0_usart.o(.text.usart_smartcard_mode_nack_disable), (18 bytes).
    Removing gd32f1x0_usart.o(.ARM.exidx.text.usart_smartcard_mode_nack_disable), (8 bytes).
    Removing gd32f1x0_usart.o(.text.usart_guard_time_config), (28 bytes).
    Removing gd32f1x0_usart.o(.ARM.exidx.text.usart_guard_time_config), (8 bytes).
    Removing gd32f1x0_usart.o(.text.usart_block_length_config), (18 bytes).
    Removing gd32f1x0_usart.o(.ARM.exidx.text.usart_block_length_config), (8 bytes).
    Removing gd32f1x0_usart.o(.text.usart_smartcard_autoretry_config), (30 bytes).
    Removing gd32f1x0_usart.o(.ARM.exidx.text.usart_smartcard_autoretry_config), (8 bytes).
    Removing gd32f1x0_usart.o(.text.usart_irda_mode_enable), (18 bytes).
    Removing gd32f1x0_usart.o(.ARM.exidx.text.usart_irda_mode_enable), (8 bytes).
    Removing gd32f1x0_usart.o(.text.usart_irda_mode_disable), (18 bytes).
    Removing gd32f1x0_usart.o(.ARM.exidx.text.usart_irda_mode_disable), (8 bytes).
    Removing gd32f1x0_usart.o(.text.usart_irda_lowpower_config), (20 bytes).
    Removing gd32f1x0_usart.o(.ARM.exidx.text.usart_irda_lowpower_config), (8 bytes).
    Removing gd32f1x0_usart.o(.text.usart_prescaler_config), (24 bytes).
    Removing gd32f1x0_usart.o(.ARM.exidx.text.usart_prescaler_config), (8 bytes).
    Removing gd32f1x0_usart.o(.text.usart_hardware_flow_rts_config), (24 bytes).
    Removing gd32f1x0_usart.o(.ARM.exidx.text.usart_hardware_flow_rts_config), (8 bytes).
    Removing gd32f1x0_usart.o(.text.usart_hardware_flow_cts_config), (24 bytes).
    Removing gd32f1x0_usart.o(.ARM.exidx.text.usart_hardware_flow_cts_config), (8 bytes).
    Removing gd32f1x0_usart.o(.text.usart_rs485_driver_enable), (18 bytes).
    Removing gd32f1x0_usart.o(.ARM.exidx.text.usart_rs485_driver_enable), (8 bytes).
    Removing gd32f1x0_usart.o(.text.usart_rs485_driver_disable), (18 bytes).
    Removing gd32f1x0_usart.o(.ARM.exidx.text.usart_rs485_driver_disable), (8 bytes).
    Removing gd32f1x0_usart.o(.text.usart_driver_assertime_config), (30 bytes).
    Removing gd32f1x0_usart.o(.ARM.exidx.text.usart_driver_assertime_config), (8 bytes).
    Removing gd32f1x0_usart.o(.text.usart_driver_deassertime_config), (30 bytes).
    Removing gd32f1x0_usart.o(.ARM.exidx.text.usart_driver_deassertime_config), (8 bytes).
    Removing gd32f1x0_usart.o(.text.usart_depolarity_config), (28 bytes).
    Removing gd32f1x0_usart.o(.ARM.exidx.text.usart_depolarity_config), (8 bytes).
    Removing gd32f1x0_usart.o(.text.usart_dma_receive_config), (16 bytes).
    Removing gd32f1x0_usart.o(.ARM.exidx.text.usart_dma_receive_config), (8 bytes).
    Removing gd32f1x0_usart.o(.text.usart_dma_transmit_config), (16 bytes).
    Removing gd32f1x0_usart.o(.ARM.exidx.text.usart_dma_transmit_config), (8 bytes).
    Removing gd32f1x0_usart.o(.text.usart_reception_error_dma_disable), (18 bytes).
    Removing gd32f1x0_usart.o(.ARM.exidx.text.usart_reception_error_dma_disable), (8 bytes).
    Removing gd32f1x0_usart.o(.text.usart_reception_error_dma_enable), (18 bytes).
    Removing gd32f1x0_usart.o(.ARM.exidx.text.usart_reception_error_dma_enable), (8 bytes).
    Removing gd32f1x0_usart.o(.text.usart_wakeup_enable), (10 bytes).
    Removing gd32f1x0_usart.o(.ARM.exidx.text.usart_wakeup_enable), (8 bytes).
    Removing gd32f1x0_usart.o(.text.usart_wakeup_disable), (10 bytes).
    Removing gd32f1x0_usart.o(.ARM.exidx.text.usart_wakeup_disable), (8 bytes).
    Removing gd32f1x0_usart.o(.text.usart_wakeup_mode_config), (28 bytes).
    Removing gd32f1x0_usart.o(.ARM.exidx.text.usart_wakeup_mode_config), (8 bytes).
    Removing gd32f1x0_usart.o(.text.usart_flag_get), (16 bytes).
    Removing gd32f1x0_usart.o(.ARM.exidx.text.usart_flag_get), (8 bytes).
    Removing gd32f1x0_usart.o(.text.usart_flag_clear), (18 bytes).
    Removing gd32f1x0_usart.o(.ARM.exidx.text.usart_flag_clear), (8 bytes).
    Removing gd32f1x0_usart.o(.text.usart_interrupt_enable), (24 bytes).
    Removing gd32f1x0_usart.o(.ARM.exidx.text.usart_interrupt_enable), (8 bytes).
    Removing gd32f1x0_usart.o(.text.usart_interrupt_disable), (26 bytes).
    Removing gd32f1x0_usart.o(.ARM.exidx.text.usart_interrupt_disable), (8 bytes).
    Removing gd32f1x0_usart.o(.text.usart_command_enable), (8 bytes).
    Removing gd32f1x0_usart.o(.ARM.exidx.text.usart_command_enable), (8 bytes).
    Removing gd32f1x0_usart.o(.text.usart_interrupt_flag_get), (34 bytes).
    Removing gd32f1x0_usart.o(.ARM.exidx.text.usart_interrupt_flag_get), (8 bytes).
    Removing gd32f1x0_usart.o(.text.usart_interrupt_flag_clear), (18 bytes).
    Removing gd32f1x0_usart.o(.ARM.exidx.text.usart_interrupt_flag_clear), (8 bytes).
    Removing gd32f1x0r_eval.o(.text), (0 bytes).
    Removing gd32f1x0r_eval.o(.text.gd_eval_led_init), (76 bytes).
    Removing gd32f1x0r_eval.o(.ARM.exidx.text.gd_eval_led_init), (8 bytes).
    Removing gd32f1x0r_eval.o(.text.gd_eval_led_on), (28 bytes).
    Removing gd32f1x0r_eval.o(.ARM.exidx.text.gd_eval_led_on), (8 bytes).
    Removing gd32f1x0r_eval.o(.text.gd_eval_led_off), (28 bytes).
    Removing gd32f1x0r_eval.o(.ARM.exidx.text.gd_eval_led_off), (8 bytes).
    Removing gd32f1x0r_eval.o(.text.gd_eval_led_toggle), (32 bytes).
    Removing gd32f1x0r_eval.o(.ARM.exidx.text.gd_eval_led_toggle), (8 bytes).
    Removing gd32f1x0r_eval.o(.text.gd_eval_key_init), (140 bytes).
    Removing gd32f1x0r_eval.o(.ARM.exidx.text.gd_eval_key_init), (8 bytes).
    Removing gd32f1x0r_eval.o(.text.gd_eval_key_state_get), (34 bytes).
    Removing gd32f1x0r_eval.o(.ARM.exidx.text.gd_eval_key_state_get), (8 bytes).
    Removing gd32f1x0r_eval.o(.text.gd_eval_com_init), (152 bytes).
    Removing gd32f1x0r_eval.o(.ARM.exidx.text.gd_eval_com_init), (8 bytes).
    Removing gd32f1x0r_eval.o(.rodata.cst16), (32 bytes).
    Removing gd32f1x0r_eval.o(.rodata.KEY_CLK), (6 bytes).
    Removing gd32f1x0r_eval.o(.rodata.KEY_PORT), (12 bytes).
    Removing gd32f1x0r_eval.o(.rodata.KEY_PIN), (12 bytes).
    Removing system_gd32f1x0.o(.text), (0 bytes).
    Removing system_gd32f1x0.o(.ARM.exidx.text.SystemInit), (8 bytes).
    Removing system_gd32f1x0.o(.ARM.exidx.text.system_clock_config), (8 bytes).
    Removing system_gd32f1x0.o(.text.SystemCoreClockUpdate), (128 bytes).
    Removing system_gd32f1x0.o(.ARM.exidx.text.SystemCoreClockUpdate), (8 bytes).
    Removing system_gd32f1x0.o(.ARM.exidx.text.system_clock_72m_hxtal), (8 bytes).

443 unused section(s) (total 8598 bytes) removed from the image.

==============================================================================

Image Symbol Table

    Local Symbols

    Symbol Name                              Value     Ov Type        Size  Object(Section)

    ../clib/angel/boardlib.s                 0x00000000   Number         0  boardinit1.o ABSOLUTE
    ../clib/angel/boardlib.s                 0x00000000   Number         0  boardinit2.o ABSOLUTE
    ../clib/angel/boardlib.s                 0x00000000   Number         0  boardinit3.o ABSOLUTE
    ../clib/angel/boardlib.s                 0x00000000   Number         0  boardshut.o ABSOLUTE
    ../clib/angel/handlers.s                 0x00000000   Number         0  __scatter_copy.o ABSOLUTE
    ../clib/angel/handlers.s                 0x00000000   Number         0  __scatter_zi.o ABSOLUTE
    ../clib/angel/kernel.s                   0x00000000   Number         0  __rtentry.o ABSOLUTE
    ../clib/angel/kernel.s                   0x00000000   Number         0  __rtentry2.o ABSOLUTE
    ../clib/angel/kernel.s                   0x00000000   Number         0  __rtentry4.o ABSOLUTE
    ../clib/angel/kernel.s                   0x00000000   Number         0  rtexit.o ABSOLUTE
    ../clib/angel/kernel.s                   0x00000000   Number         0  rtexit2.o ABSOLUTE
    ../clib/angel/rt.s                       0x00000000   Number         0  rt_raise.o ABSOLUTE
    ../clib/angel/scatter.s                  0x00000000   Number         0  __scatter.o ABSOLUTE
    ../clib/angel/startup.s                  0x00000000   Number         0  __main.o ABSOLUTE
    ../clib/angel/sys.s                      0x00000000   Number         0  sys_stackheap_outer.o ABSOLUTE
    ../clib/angel/sys.s                      0x00000000   Number         0  libspace.o ABSOLUTE
    ../clib/angel/sys.s                      0x00000000   Number         0  use_no_semi.o ABSOLUTE
    ../clib/angel/sys.s                      0x00000000   Number         0  indicate_semi.o ABSOLUTE
    ../clib/angel/sysapp.c                   0x00000000   Number         0  sys_exit.o ABSOLUTE
    ../clib/angel/sysapp.c                   0x00000000   Number         0  sys_exit_hlt.o ABSOLUTE
    ../clib/angel/sysapp.c                   0x00000000   Number         0  sys_command.o ABSOLUTE
    ../clib/angel/sysapp.c                   0x00000000   Number         0  sys_command_hlt.o ABSOLUTE
    ../clib/angel/sysapp.c                   0x00000000   Number         0  sys_wrch.o ABSOLUTE
    ../clib/angel/sysapp.c                   0x00000000   Number         0  sys_wrch_hlt.o ABSOLUTE
    ../clib/armsys.c                         0x00000000   Number         0  argv_veneer.o ABSOLUTE
    ../clib/armsys.c                         0x00000000   Number         0  argv_veneer.o ABSOLUTE
    ../clib/armsys.c                         0x00000000   Number         0  _get_argv_nomalloc.o ABSOLUTE
    ../clib/armsys.c                         0x00000000   Number         0  no_argv.o ABSOLUTE
    ../clib/heapalloc.c                      0x00000000   Number         0  hrguard.o ABSOLUTE
    ../clib/heapaux.c                        0x00000000   Number         0  heapauxi.o ABSOLUTE
    ../clib/libinit.s                        0x00000000   Number         0  libinit.o ABSOLUTE
    ../clib/libinit.s                        0x00000000   Number         0  libinit2.o ABSOLUTE
    ../clib/libinit.s                        0x00000000   Number         0  libshutdown.o ABSOLUTE
    ../clib/libinit.s                        0x00000000   Number         0  libshutdown2.o ABSOLUTE
    ../clib/signal.c                         0x00000000   Number         0  defsig_rtmem_outer.o ABSOLUTE
    ../clib/signal.c                         0x00000000   Number         0  defsig_rtmem_formal.o ABSOLUTE
    ../clib/signal.c                         0x00000000   Number         0  defsig_exit.o ABSOLUTE
    ../clib/signal.c                         0x00000000   Number         0  defsig_rtmem_inner.o ABSOLUTE
    ../clib/signal.c                         0x00000000   Number         0  __raise.o ABSOLUTE
    ../clib/signal.c                         0x00000000   Number         0  defsig_general.o ABSOLUTE
    ../clib/signal.c                         0x00000000   Number         0  defsig_abrt_inner.o ABSOLUTE
    ../clib/signal.c                         0x00000000   Number         0  defsig_fpe_inner.o ABSOLUTE
    ../clib/signal.c                         0x00000000   Number         0  defsig_rtred_inner.o ABSOLUTE
    ../clib/signal.c                         0x00000000   Number         0  defsig_stak_inner.o ABSOLUTE
    ../clib/signal.c                         0x00000000   Number         0  defsig_pvfn_inner.o ABSOLUTE
    ../clib/signal.c                         0x00000000   Number         0  defsig_cppl_inner.o ABSOLUTE
    ../clib/signal.c                         0x00000000   Number         0  defsig_segv_inner.o ABSOLUTE
    ../clib/signal.c                         0x00000000   Number         0  defsig_other.o ABSOLUTE
    ../clib/signal.s                         0x00000000   Number         0  defsig.o ABSOLUTE
    ../clib/stdlib.c                         0x00000000   Number         0  exit.o ABSOLUTE
    ../fplib/fpinit.s                        0x00000000   Number         0  fpinit.o ABSOLUTE
    ../fplib/fpinit_empty.s                  0x00000000   Number         0  fpinit_empty.o ABSOLUTE
    JBUhover.c                               0x00000000   Number         0  jbuhover.o ABSOLUTE
    LED.c                                    0x00000000   Number         0  led.o ABSOLUTE
    RTE/Device/GD32F130C8/startup_gd32f1x0.s 0x00000000   Number         0  startup_gd32f1x0.o ABSOLUTE
    dc.s                                     0x00000000   Number         0  dc.o ABSOLUTE
    gd32f1x0_adc.c                           0x00000000   Number         0  gd32f1x0_adc.o ABSOLUTE
    gd32f1x0_exti.c                          0x00000000   Number         0  gd32f1x0_exti.o ABSOLUTE
    gd32f1x0_gpio.c                          0x00000000   Number         0  gd32f1x0_gpio.o ABSOLUTE
    gd32f1x0_it.c                            0x00000000   Number         0  gd32f1x0_it.o ABSOLUTE
    gd32f1x0_misc.c                          0x00000000   Number         0  gd32f1x0_misc.o ABSOLUTE
    gd32f1x0_rcu.c                           0x00000000   Number         0  gd32f1x0_rcu.o ABSOLUTE
    gd32f1x0_syscfg.c                        0x00000000   Number         0  gd32f1x0_syscfg.o ABSOLUTE
    gd32f1x0_usart.c                         0x00000000   Number         0  gd32f1x0_usart.o ABSOLUTE
    gd32f1x0r_eval.c                         0x00000000   Number         0  gd32f1x0r_eval.o ABSOLUTE
    initialization.c                         0x00000000   Number         0  initialization.o ABSOLUTE
    operations.c                             0x00000000   Number         0  operations.o ABSOLUTE
    system_gd32f1x0.c                        0x00000000   Number         0  system_gd32f1x0.o ABSOLUTE
    systick.c                                0x00000000   Number         0  systick.o ABSOLUTE
    RESET                                    0x08000000   Section      360  startup_gd32f1x0.o(RESET)
    !!!main                                  0x08000168   Section        8  __main.o(!!!main)
    !!!scatter                               0x08000170   Section       52  __scatter.o(!!!scatter)
    !!handler_copy                           0x080001a4   Section       26  __scatter_copy.o(!!handler_copy)
    !!handler_zi                             0x080001c0   Section       28  __scatter_zi.o(!!handler_zi)
    .ARM.Collect$$libinit$$00000000          0x080001dc   Section        2  libinit.o(.ARM.Collect$$libinit$$00000000)
    .ARM.Collect$$libinit$$00000002          0x080001de   Section        0  libinit2.o(.ARM.Collect$$libinit$$00000002)
    .ARM.Collect$$libinit$$00000004          0x080001de   Section        0  libinit2.o(.ARM.Collect$$libinit$$00000004)
    .ARM.Collect$$libinit$$0000000A          0x080001de   Section        0  libinit2.o(.ARM.Collect$$libinit$$0000000A)
    .ARM.Collect$$libinit$$0000000C          0x080001de   Section        0  libinit2.o(.ARM.Collect$$libinit$$0000000C)
    .ARM.Collect$$libinit$$0000000E          0x080001de   Section        0  libinit2.o(.ARM.Collect$$libinit$$0000000E)
    .ARM.Collect$$libinit$$00000011          0x080001de   Section        0  libinit2.o(.ARM.Collect$$libinit$$00000011)
    .ARM.Collect$$libinit$$00000013          0x080001de   Section        0  libinit2.o(.ARM.Collect$$libinit$$00000013)
    .ARM.Collect$$libinit$$00000015          0x080001de   Section        0  libinit2.o(.ARM.Collect$$libinit$$00000015)
    .ARM.Collect$$libinit$$00000017          0x080001de   Section        0  libinit2.o(.ARM.Collect$$libinit$$00000017)
    .ARM.Collect$$libinit$$00000019          0x080001de   Section        0  libinit2.o(.ARM.Collect$$libinit$$00000019)
    .ARM.Collect$$libinit$$0000001B          0x080001de   Section        0  libinit2.o(.ARM.Collect$$libinit$$0000001B)
    .ARM.Collect$$libinit$$0000001D          0x080001de   Section        0  libinit2.o(.ARM.Collect$$libinit$$0000001D)
    .ARM.Collect$$libinit$$0000001F          0x080001de   Section        0  libinit2.o(.ARM.Collect$$libinit$$0000001F)
    .ARM.Collect$$libinit$$00000021          0x080001de   Section        0  libinit2.o(.ARM.Collect$$libinit$$00000021)
    .ARM.Collect$$libinit$$00000023          0x080001de   Section        0  libinit2.o(.ARM.Collect$$libinit$$00000023)
    .ARM.Collect$$libinit$$00000025          0x080001de   Section        0  libinit2.o(.ARM.Collect$$libinit$$00000025)
    .ARM.Collect$$libinit$$0000002C          0x080001de   Section        0  libinit2.o(.ARM.Collect$$libinit$$0000002C)
    .ARM.Collect$$libinit$$0000002E          0x080001de   Section        0  libinit2.o(.ARM.Collect$$libinit$$0000002E)
    .ARM.Collect$$libinit$$00000030          0x080001de   Section        0  libinit2.o(.ARM.Collect$$libinit$$00000030)
    .ARM.Collect$$libinit$$00000032          0x080001de   Section        0  libinit2.o(.ARM.Collect$$libinit$$00000032)
    .ARM.Collect$$libinit$$00000033          0x080001de   Section        2  libinit2.o(.ARM.Collect$$libinit$$00000033)
    .ARM.Collect$$libshutdown$$00000000      0x080001e0   Section        2  libshutdown.o(.ARM.Collect$$libshutdown$$00000000)
    .ARM.Collect$$libshutdown$$00000002      0x080001e2   Section        0  libshutdown2.o(.ARM.Collect$$libshutdown$$00000002)
    .ARM.Collect$$libshutdown$$00000004      0x080001e2   Section        0  libshutdown2.o(.ARM.Collect$$libshutdown$$00000004)
    .ARM.Collect$$libshutdown$$00000007      0x080001e2   Section        0  libshutdown2.o(.ARM.Collect$$libshutdown$$00000007)
    .ARM.Collect$$libshutdown$$0000000A      0x080001e2   Section        0  libshutdown2.o(.ARM.Collect$$libshutdown$$0000000A)
    .ARM.Collect$$libshutdown$$0000000C      0x080001e2   Section        0  libshutdown2.o(.ARM.Collect$$libshutdown$$0000000C)
    .ARM.Collect$$libshutdown$$0000000F      0x080001e2   Section        0  libshutdown2.o(.ARM.Collect$$libshutdown$$0000000F)
    .ARM.Collect$$libshutdown$$00000010      0x080001e2   Section        2  libshutdown2.o(.ARM.Collect$$libshutdown$$00000010)
    .ARM.Collect$$rtentry$$00000000          0x080001e4   Section        0  __rtentry.o(.ARM.Collect$$rtentry$$00000000)
    .ARM.Collect$$rtentry$$00000002          0x080001e4   Section        0  __rtentry2.o(.ARM.Collect$$rtentry$$00000002)
    .ARM.Collect$$rtentry$$00000004          0x080001e4   Section        6  __rtentry4.o(.ARM.Collect$$rtentry$$00000004)
    .ARM.Collect$$rtentry$$00000009          0x080001ea   Section        0  __rtentry2.o(.ARM.Collect$$rtentry$$00000009)
    .ARM.Collect$$rtentry$$0000000A          0x080001ea   Section        4  __rtentry2.o(.ARM.Collect$$rtentry$$0000000A)
    .ARM.Collect$$rtentry$$0000000C          0x080001ee   Section        0  __rtentry2.o(.ARM.Collect$$rtentry$$0000000C)
    .ARM.Collect$$rtentry$$0000000D          0x080001ee   Section        8  __rtentry2.o(.ARM.Collect$$rtentry$$0000000D)
    .ARM.Collect$$rtexit$$00000000           0x080001f6   Section        2  rtexit.o(.ARM.Collect$$rtexit$$00000000)
    .ARM.Collect$$rtexit$$00000002           0x080001f8   Section        0  rtexit2.o(.ARM.Collect$$rtexit$$00000002)
    .ARM.Collect$$rtexit$$00000003           0x080001f8   Section        4  rtexit2.o(.ARM.Collect$$rtexit$$00000003)
    .ARM.Collect$$rtexit$$00000004           0x080001fc   Section        6  rtexit2.o(.ARM.Collect$$rtexit$$00000004)
    .text                                    0x08000204   Section       64  startup_gd32f1x0.o(.text)
    .text                                    0x08000244   Section        0  heapauxi.o(.text)
    .text                                    0x0800024a   Section       74  sys_stackheap_outer.o(.text)
    .text                                    0x08000294   Section        0  exit.o(.text)
    .text                                    0x080002a8   Section        8  libspace.o(.text)
    .text                                    0x080002b0   Section        0  sys_exit.o(.text)
    .text                                    0x080002bc   Section        2  use_no_semi.o(.text)
    .text                                    0x080002be   Section        0  indicate_semi.o(.text)
    [Anonymous Symbol]                       0x080002c0   Section        0  operations.o(.text.BLDC_angle_0)
    [Anonymous Symbol]                       0x08000310   Section        0  operations.o(.text.BLDC_angle_120)
    [Anonymous Symbol]                       0x08000360   Section        0  operations.o(.text.BLDC_angle_180)
    [Anonymous Symbol]                       0x080003b0   Section        0  operations.o(.text.BLDC_angle_240)
    [Anonymous Symbol]                       0x08000400   Section        0  operations.o(.text.BLDC_angle_360)
    [Anonymous Symbol]                       0x08000450   Section        0  operations.o(.text.BLDC_angle_60)
    [Anonymous Symbol]                       0x080004a0   Section        0  operations.o(.text.BUZER_OFF)
    [Anonymous Symbol]                       0x080004b4   Section        0  operations.o(.text.BUZER_ON)
    [Anonymous Symbol]                       0x080004c8   Section        0  gd32f1x0_it.o(.text.BusFault_Handler)
    [Anonymous Symbol]                       0x080004cc   Section        0  gd32f1x0_it.o(.text.DebugMon_Handler)
    [Anonymous Symbol]                       0x080004d0   Section        0  initialization.o(.text.GPIO_Init)
    [Anonymous Symbol]                       0x080005e4   Section        0  operations.o(.text.GREEN_LED_OFF)
    [Anonymous Symbol]                       0x080005f8   Section        0  operations.o(.text.GREEN_LED_ON)
    [Anonymous Symbol]                       0x0800060c   Section        0  gd32f1x0_it.o(.text.HardFault_Handler)
    [Anonymous Symbol]                       0x08000610   Section        0  gd32f1x0_it.o(.text.MemManage_Handler)
    [Anonymous Symbol]                       0x08000614   Section        0  gd32f1x0_it.o(.text.NMI_Handler)
    [Anonymous Symbol]                       0x08000618   Section        0  gd32f1x0_it.o(.text.PendSV_Handler)
    [Anonymous Symbol]                       0x0800061c   Section        0  operations.o(.text.RED_LED_OFF)
    [Anonymous Symbol]                       0x08000630   Section        0  operations.o(.text.RED_LED_ON)
    [Anonymous Symbol]                       0x08000644   Section        0  gd32f1x0_it.o(.text.SVC_Handler)
    SysTick_Config                           0x08000649   Thumb Code    42  systick.o(.text.SysTick_Config)
    [Anonymous Symbol]                       0x08000648   Section        0  systick.o(.text.SysTick_Config)
    [Anonymous Symbol]                       0x08000674   Section        0  gd32f1x0_it.o(.text.SysTick_Handler)
    [Anonymous Symbol]                       0x0800067c   Section        0  system_gd32f1x0.o(.text.SystemInit)
    [Anonymous Symbol]                       0x080006f4   Section        0  gd32f1x0_it.o(.text.UsageFault_Handler)
    __NVIC_SetPriority                       0x080006f9   Thumb Code    14  systick.o(.text.__NVIC_SetPriority)
    [Anonymous Symbol]                       0x080006f8   Section        0  systick.o(.text.__NVIC_SetPriority)
    [Anonymous Symbol]                       0x08000708   Section        0  systick.o(.text.delay_10us)
    [Anonymous Symbol]                       0x0800071c   Section        0  systick.o(.text.delay_decrement)
    [Anonymous Symbol]                       0x08000734   Section        0  gd32f1x0_gpio.o(.text.gpio_bit_reset)
    [Anonymous Symbol]                       0x08000738   Section        0  gd32f1x0_gpio.o(.text.gpio_bit_set)
    [Anonymous Symbol]                       0x0800073c   Section        0  gd32f1x0_gpio.o(.text.gpio_mode_set)
    [Anonymous Symbol]                       0x08000790   Section        0  gd32f1x0_gpio.o(.text.gpio_output_options_set)
    [Anonymous Symbol]                       0x080007d8   Section        0  jbuhover.o(.text.main)
    [Anonymous Symbol]                       0x08000874   Section        0  gd32f1x0_rcu.o(.text.rcu_periph_clock_enable)
    system_clock_72m_hxtal                   0x08000895   Thumb Code   132  system_gd32f1x0.o(.text.system_clock_72m_hxtal)
    [Anonymous Symbol]                       0x08000894   Section        0  system_gd32f1x0.o(.text.system_clock_72m_hxtal)
    system_clock_config                      0x08000919   Thumb Code     8  system_gd32f1x0.o(.text.system_clock_config)
    [Anonymous Symbol]                       0x08000918   Section        0  system_gd32f1x0.o(.text.system_clock_config)
    [Anonymous Symbol]                       0x08000920   Section        0  systick.o(.text.systick_config)
    .bss                                     0x20000008   Section       96  libspace.o(.bss)
    commutation_delay                        0x20000068   Data           1  jbuhover.o(.bss.commutation_delay)
    [Anonymous Symbol]                       0x20000068   Section        0  jbuhover.o(.bss.commutation_delay)
    delay                                    0x2000006c   Data           4  systick.o(.bss.delay)
    [Anonymous Symbol]                       0x2000006c   Section        0  systick.o(.bss.delay)
    Heap_Mem                                 0x20000070   Data        1024  startup_gd32f1x0.o(HEAP)
    HEAP                                     0x20000070   Section     1024  startup_gd32f1x0.o(HEAP)
    Stack_Mem                                0x20000470   Data        1024  startup_gd32f1x0.o(STACK)
    STACK                                    0x20000470   Section     1024  startup_gd32f1x0.o(STACK)
    __initial_sp                             0x20000870   Data           0  startup_gd32f1x0.o(STACK)

    Global Symbols

    Symbol Name                              Value     Ov Type        Size  Object(Section)

    BuildAttributes$$THM_ISAv4$P$D$K$B$S$PE$A:L22UL41UL21$X:L11$S22US41US21$IEEE1$IW$~IW$USESV6$~STKCKD$USESV7$~SHL$OTIME$ROPI$EBA8$UX$STANDARDLIB$REQ8$PRES8$EABIv2 0x00000000   Number         0  anon$$obj.o ABSOLUTE
    __fp_init_empty                          0x00000000   Number         0  fpinit_empty.o ABSOLUTE
    __ARM_exceptions_init                     - Undefined Weak Reference
    __alloca_initialize                       - Undefined Weak Reference
    __arm_preinit_                            - Undefined Weak Reference
    __cpp_initialize__aeabi_                  - Undefined Weak Reference
    __cxa_finalize                            - Undefined Weak Reference
    __rt_locale                               - Undefined Weak Reference
    __sigvec_lookup                           - Undefined Weak Reference
    _atexit_init                              - Undefined Weak Reference
    _call_atexit_fns                          - Undefined Weak Reference
    _clock_init                               - Undefined Weak Reference
    _fp_trap_init                             - Undefined Weak Reference
    _fp_trap_shutdown                         - Undefined Weak Reference
    _get_lc_collate                           - Undefined Weak Reference
    _get_lc_ctype                             - Undefined Weak Reference
    _get_lc_monetary                          - Undefined Weak Reference
    _get_lc_numeric                           - Undefined Weak Reference
    _get_lc_time                              - Undefined Weak Reference
    _getenv_init                              - Undefined Weak Reference
    _handle_redirection                       - Undefined Weak Reference
    _init_alloc                               - Undefined Weak Reference
    _init_user_alloc                          - Undefined Weak Reference
    _initio                                   - Undefined Weak Reference
    _rand_init                                - Undefined Weak Reference
    _signal_finish                            - Undefined Weak Reference
    _signal_init                              - Undefined Weak Reference
    _terminate_alloc                          - Undefined Weak Reference
    _terminate_user_alloc                     - Undefined Weak Reference
    _terminateio                              - Undefined Weak Reference
    __Vectors_Size                           0x00000168   Number         0  startup_gd32f1x0.o ABSOLUTE
    __Vectors                                0x08000000   Data           4  startup_gd32f1x0.o(RESET)
    __Vectors_End                            0x08000168   Data           0  startup_gd32f1x0.o(RESET)
    __main                                   0x08000169   Thumb Code     8  __main.o(!!!main)
    __scatterload                            0x08000171   Thumb Code     0  __scatter.o(!!!scatter)
    __scatterload_rt2                        0x08000171   Thumb Code    44  __scatter.o(!!!scatter)
    __scatterload_rt2_thumb_only             0x08000171   Thumb Code     0  __scatter.o(!!!scatter)
    __scatterload_null                       0x0800017f   Thumb Code     0  __scatter.o(!!!scatter)
    __scatterload_copy                       0x080001a5   Thumb Code    26  __scatter_copy.o(!!handler_copy)
    __scatterload_zeroinit                   0x080001c1   Thumb Code    28  __scatter_zi.o(!!handler_zi)
    __rt_lib_init                            0x080001dd   Thumb Code     0  libinit.o(.ARM.Collect$$libinit$$00000000)
    __rt_lib_init_alloca_1                   0x080001df   Thumb Code     0  libinit2.o(.ARM.Collect$$libinit$$0000002E)
    __rt_lib_init_argv_1                     0x080001df   Thumb Code     0  libinit2.o(.ARM.Collect$$libinit$$0000002C)
    __rt_lib_init_atexit_1                   0x080001df   Thumb Code     0  libinit2.o(.ARM.Collect$$libinit$$0000001B)
    __rt_lib_init_clock_1                    0x080001df   Thumb Code     0  libinit2.o(.ARM.Collect$$libinit$$00000021)
    __rt_lib_init_cpp_1                      0x080001df   Thumb Code     0  libinit2.o(.ARM.Collect$$libinit$$00000032)
    __rt_lib_init_exceptions_1               0x080001df   Thumb Code     0  libinit2.o(.ARM.Collect$$libinit$$00000030)
    __rt_lib_init_fp_1                       0x080001df   Thumb Code     0  libinit2.o(.ARM.Collect$$libinit$$00000002)
    __rt_lib_init_fp_trap_1                  0x080001df   Thumb Code     0  libinit2.o(.ARM.Collect$$libinit$$0000001F)
    __rt_lib_init_getenv_1                   0x080001df   Thumb Code     0  libinit2.o(.ARM.Collect$$libinit$$00000023)
    __rt_lib_init_heap_1                     0x080001df   Thumb Code     0  libinit2.o(.ARM.Collect$$libinit$$0000000A)
    __rt_lib_init_lc_collate_1               0x080001df   Thumb Code     0  libinit2.o(.ARM.Collect$$libinit$$00000011)
    __rt_lib_init_lc_ctype_1                 0x080001df   Thumb Code     0  libinit2.o(.ARM.Collect$$libinit$$00000013)
    __rt_lib_init_lc_monetary_1              0x080001df   Thumb Code     0  libinit2.o(.ARM.Collect$$libinit$$00000015)
    __rt_lib_init_lc_numeric_1               0x080001df   Thumb Code     0  libinit2.o(.ARM.Collect$$libinit$$00000017)
    __rt_lib_init_lc_time_1                  0x080001df   Thumb Code     0  libinit2.o(.ARM.Collect$$libinit$$00000019)
    __rt_lib_init_preinit_1                  0x080001df   Thumb Code     0  libinit2.o(.ARM.Collect$$libinit$$00000004)
    __rt_lib_init_rand_1                     0x080001df   Thumb Code     0  libinit2.o(.ARM.Collect$$libinit$$0000000E)
    __rt_lib_init_return                     0x080001df   Thumb Code     0  libinit2.o(.ARM.Collect$$libinit$$00000033)
    __rt_lib_init_signal_1                   0x080001df   Thumb Code     0  libinit2.o(.ARM.Collect$$libinit$$0000001D)
    __rt_lib_init_stdio_1                    0x080001df   Thumb Code     0  libinit2.o(.ARM.Collect$$libinit$$00000025)
    __rt_lib_init_user_alloc_1               0x080001df   Thumb Code     0  libinit2.o(.ARM.Collect$$libinit$$0000000C)
    __rt_lib_shutdown                        0x080001e1   Thumb Code     0  libshutdown.o(.ARM.Collect$$libshutdown$$00000000)
    __rt_lib_shutdown_cpp_1                  0x080001e3   Thumb Code     0  libshutdown2.o(.ARM.Collect$$libshutdown$$00000002)
    __rt_lib_shutdown_fp_trap_1              0x080001e3   Thumb Code     0  libshutdown2.o(.ARM.Collect$$libshutdown$$00000007)
    __rt_lib_shutdown_heap_1                 0x080001e3   Thumb Code     0  libshutdown2.o(.ARM.Collect$$libshutdown$$0000000F)
    __rt_lib_shutdown_return                 0x080001e3   Thumb Code     0  libshutdown2.o(.ARM.Collect$$libshutdown$$00000010)
    __rt_lib_shutdown_signal_1               0x080001e3   Thumb Code     0  libshutdown2.o(.ARM.Collect$$libshutdown$$0000000A)
    __rt_lib_shutdown_stdio_1                0x080001e3   Thumb Code     0  libshutdown2.o(.ARM.Collect$$libshutdown$$00000004)
    __rt_lib_shutdown_user_alloc_1           0x080001e3   Thumb Code     0  libshutdown2.o(.ARM.Collect$$libshutdown$$0000000C)
    __rt_entry                               0x080001e5   Thumb Code     0  __rtentry.o(.ARM.Collect$$rtentry$$00000000)
    __rt_entry_presh_1                       0x080001e5   Thumb Code     0  __rtentry2.o(.ARM.Collect$$rtentry$$00000002)
    __rt_entry_sh                            0x080001e5   Thumb Code     0  __rtentry4.o(.ARM.Collect$$rtentry$$00000004)
    __rt_entry_li                            0x080001eb   Thumb Code     0  __rtentry2.o(.ARM.Collect$$rtentry$$0000000A)
    __rt_entry_postsh_1                      0x080001eb   Thumb Code     0  __rtentry2.o(.ARM.Collect$$rtentry$$00000009)
    __rt_entry_main                          0x080001ef   Thumb Code     0  __rtentry2.o(.ARM.Collect$$rtentry$$0000000D)
    __rt_entry_postli_1                      0x080001ef   Thumb Code     0  __rtentry2.o(.ARM.Collect$$rtentry$$0000000C)
    __rt_exit                                0x080001f7   Thumb Code     0  rtexit.o(.ARM.Collect$$rtexit$$00000000)
    __rt_exit_ls                             0x080001f9   Thumb Code     0  rtexit2.o(.ARM.Collect$$rtexit$$00000003)
    __rt_exit_prels_1                        0x080001f9   Thumb Code     0  rtexit2.o(.ARM.Collect$$rtexit$$00000002)
    __rt_exit_exit                           0x080001fd   Thumb Code     0  rtexit2.o(.ARM.Collect$$rtexit$$00000004)
    Reset_Handler                            0x08000205   Thumb Code     8  startup_gd32f1x0.o(.text)
    ADC_CMP_IRQHandler                       0x0800021f   Thumb Code     0  startup_gd32f1x0.o(.text)
    CAN0_RX0_IRQHandler                      0x0800021f   Thumb Code     0  startup_gd32f1x0.o(.text)
    CAN0_RX1_IRQHandler                      0x0800021f   Thumb Code     0  startup_gd32f1x0.o(.text)
    CAN0_SCE_IRQHandler                      0x0800021f   Thumb Code     0  startup_gd32f1x0.o(.text)
    CAN0_TX_IRQHandler                       0x0800021f   Thumb Code     0  startup_gd32f1x0.o(.text)
    CAN1_RX0_IRQHandler                      0x0800021f   Thumb Code     0  startup_gd32f1x0.o(.text)
    CAN1_RX1_IRQHandler                      0x0800021f   Thumb Code     0  startup_gd32f1x0.o(.text)
    CAN1_SCE_IRQHandler                      0x0800021f   Thumb Code     0  startup_gd32f1x0.o(.text)
    CAN1_TX_IRQHandler                       0x0800021f   Thumb Code     0  startup_gd32f1x0.o(.text)
    CEC_IRQHandler                           0x0800021f   Thumb Code     0  startup_gd32f1x0.o(.text)
    DMA_Channel0_IRQHandler                  0x0800021f   Thumb Code     0  startup_gd32f1x0.o(.text)
    DMA_Channel1_2_IRQHandler                0x0800021f   Thumb Code     0  startup_gd32f1x0.o(.text)
    DMA_Channel3_4_IRQHandler                0x0800021f   Thumb Code     0  startup_gd32f1x0.o(.text)
    DMA_Channel5_6_IRQHandler                0x0800021f   Thumb Code     0  startup_gd32f1x0.o(.text)
    EXTI0_1_IRQHandler                       0x0800021f   Thumb Code     0  startup_gd32f1x0.o(.text)
    EXTI2_3_IRQHandler                       0x0800021f   Thumb Code     0  startup_gd32f1x0.o(.text)
    EXTI4_15_IRQHandler                      0x0800021f   Thumb Code     0  startup_gd32f1x0.o(.text)
    FMC_IRQHandler                           0x0800021f   Thumb Code     0  startup_gd32f1x0.o(.text)
    I2C0_ER_IRQHandler                       0x0800021f   Thumb Code     0  startup_gd32f1x0.o(.text)
    I2C0_EV_IRQHandler                       0x0800021f   Thumb Code     0  startup_gd32f1x0.o(.text)
    I2C1_ER_IRQHandler                       0x0800021f   Thumb Code     0  startup_gd32f1x0.o(.text)
    I2C1_EV_IRQHandler                       0x0800021f   Thumb Code     0  startup_gd32f1x0.o(.text)
    I2C2_ER_IRQHandler                       0x0800021f   Thumb Code     0  startup_gd32f1x0.o(.text)
    I2C2_EV_IRQHandler                       0x0800021f   Thumb Code     0  startup_gd32f1x0.o(.text)
    LVD_IRQHandler                           0x0800021f   Thumb Code     0  startup_gd32f1x0.o(.text)
    RCU_IRQHandler                           0x0800021f   Thumb Code     0  startup_gd32f1x0.o(.text)
    RTC_IRQHandler                           0x0800021f   Thumb Code     0  startup_gd32f1x0.o(.text)
    SLCD_IRQHandler                          0x0800021f   Thumb Code     0  startup_gd32f1x0.o(.text)
    SPI0_IRQHandler                          0x0800021f   Thumb Code     0  startup_gd32f1x0.o(.text)
    SPI1_IRQHandler                          0x0800021f   Thumb Code     0  startup_gd32f1x0.o(.text)
    SPI2_IRQHandler                          0x0800021f   Thumb Code     0  startup_gd32f1x0.o(.text)
    TIMER0_BRK_UP_TRG_COM_IRQHandler         0x0800021f   Thumb Code     0  startup_gd32f1x0.o(.text)
    TIMER0_Channel_IRQHandler                0x0800021f   Thumb Code     0  startup_gd32f1x0.o(.text)
    TIMER13_IRQHandler                       0x0800021f   Thumb Code     0  startup_gd32f1x0.o(.text)
    TIMER14_IRQHandler                       0x0800021f   Thumb Code     0  startup_gd32f1x0.o(.text)
    TIMER15_IRQHandler                       0x0800021f   Thumb Code     0  startup_gd32f1x0.o(.text)
    TIMER16_IRQHandler                       0x0800021f   Thumb Code     0  startup_gd32f1x0.o(.text)
    TIMER1_IRQHandler                        0x0800021f   Thumb Code     0  startup_gd32f1x0.o(.text)
    TIMER2_IRQHandler                        0x0800021f   Thumb Code     0  startup_gd32f1x0.o(.text)
    TIMER5_DAC_IRQHandler                    0x0800021f   Thumb Code     0  startup_gd32f1x0.o(.text)
    TSI_IRQHandler                           0x0800021f   Thumb Code     0  startup_gd32f1x0.o(.text)
    USART0_IRQHandler                        0x0800021f   Thumb Code     0  startup_gd32f1x0.o(.text)
    USART1_IRQHandler                        0x0800021f   Thumb Code     0  startup_gd32f1x0.o(.text)
    USBDWakeUp_IRQHandler                    0x0800021f   Thumb Code     0  startup_gd32f1x0.o(.text)
    USBD_HP_IRQHandler                       0x0800021f   Thumb Code     0  startup_gd32f1x0.o(.text)
    USBD_LP_IRQHandler                       0x0800021f   Thumb Code     0  startup_gd32f1x0.o(.text)
    WWDGT_IRQHandler                         0x0800021f   Thumb Code     0  startup_gd32f1x0.o(.text)
    __user_initial_stackheap                 0x08000221   Thumb Code    10  startup_gd32f1x0.o(.text)
    __use_two_region_memory                  0x08000245   Thumb Code     2  heapauxi.o(.text)
    __rt_heap_escrow$2region                 0x08000247   Thumb Code     2  heapauxi.o(.text)
    __rt_heap_expand$2region                 0x08000249   Thumb Code     2  heapauxi.o(.text)
    __user_setup_stackheap                   0x0800024b   Thumb Code    74  sys_stackheap_outer.o(.text)
    exit                                     0x08000295   Thumb Code    18  exit.o(.text)
    __user_libspace                          0x080002a9   Thumb Code     8  libspace.o(.text)
    __user_perproc_libspace                  0x080002a9   Thumb Code     0  libspace.o(.text)
    __user_perthread_libspace                0x080002a9   Thumb Code     0  libspace.o(.text)
    _sys_exit                                0x080002b1   Thumb Code     8  sys_exit.o(.text)
    __I$use$semihosting                      0x080002bd   Thumb Code     0  use_no_semi.o(.text)
    __use_no_semihosting_swi                 0x080002bd   Thumb Code     2  use_no_semi.o(.text)
    __semihosting_library_function           0x080002bf   Thumb Code     0  indicate_semi.o(.text)
    BLDC_angle_0                             0x080002c1   Thumb Code    78  operations.o(.text.BLDC_angle_0)
    BLDC_angle_120                           0x08000311   Thumb Code    78  operations.o(.text.BLDC_angle_120)
    BLDC_angle_180                           0x08000361   Thumb Code    78  operations.o(.text.BLDC_angle_180)
    BLDC_angle_240                           0x080003b1   Thumb Code    78  operations.o(.text.BLDC_angle_240)
    BLDC_angle_360                           0x08000401   Thumb Code    78  operations.o(.text.BLDC_angle_360)
    BLDC_angle_60                            0x08000451   Thumb Code    78  operations.o(.text.BLDC_angle_60)
    BUZER_OFF                                0x080004a1   Thumb Code    20  operations.o(.text.BUZER_OFF)
    BUZER_ON                                 0x080004b5   Thumb Code    20  operations.o(.text.BUZER_ON)
    BusFault_Handler                         0x080004c9   Thumb Code     2  gd32f1x0_it.o(.text.BusFault_Handler)
    DebugMon_Handler                         0x080004cd   Thumb Code     2  gd32f1x0_it.o(.text.DebugMon_Handler)
    GPIO_Init                                0x080004d1   Thumb Code   276  initialization.o(.text.GPIO_Init)
    GREEN_LED_OFF                            0x080005e5   Thumb Code    18  operations.o(.text.GREEN_LED_OFF)
    GREEN_LED_ON                             0x080005f9   Thumb Code    18  operations.o(.text.GREEN_LED_ON)
    HardFault_Handler                        0x0800060d   Thumb Code     2  gd32f1x0_it.o(.text.HardFault_Handler)
    MemManage_Handler                        0x08000611   Thumb Code     2  gd32f1x0_it.o(.text.MemManage_Handler)
    NMI_Handler                              0x08000615   Thumb Code     2  gd32f1x0_it.o(.text.NMI_Handler)
    PendSV_Handler                           0x08000619   Thumb Code     2  gd32f1x0_it.o(.text.PendSV_Handler)
    RED_LED_OFF                              0x0800061d   Thumb Code    18  operations.o(.text.RED_LED_OFF)
    RED_LED_ON                               0x08000631   Thumb Code    18  operations.o(.text.RED_LED_ON)
    SVC_Handler                              0x08000645   Thumb Code     2  gd32f1x0_it.o(.text.SVC_Handler)
    SysTick_Handler                          0x08000675   Thumb Code     8  gd32f1x0_it.o(.text.SysTick_Handler)
    SystemInit                               0x0800067d   Thumb Code   120  system_gd32f1x0.o(.text.SystemInit)
    UsageFault_Handler                       0x080006f5   Thumb Code     2  gd32f1x0_it.o(.text.UsageFault_Handler)
    delay_10us                               0x08000709   Thumb Code    20  systick.o(.text.delay_10us)
    delay_decrement                          0x0800071d   Thumb Code    24  systick.o(.text.delay_decrement)
    gpio_bit_reset                           0x08000735   Thumb Code     4  gd32f1x0_gpio.o(.text.gpio_bit_reset)
    gpio_bit_set                             0x08000739   Thumb Code     4  gd32f1x0_gpio.o(.text.gpio_bit_set)
    gpio_mode_set                            0x0800073d   Thumb Code    84  gd32f1x0_gpio.o(.text.gpio_mode_set)
    gpio_output_options_set                  0x08000791   Thumb Code    70  gd32f1x0_gpio.o(.text.gpio_output_options_set)
    main                                     0x080007d9   Thumb Code   154  jbuhover.o(.text.main)
    rcu_periph_clock_enable                  0x08000875   Thumb Code    30  gd32f1x0_rcu.o(.text.rcu_periph_clock_enable)
    systick_config                           0x08000921   Thumb Code    42  systick.o(.text.systick_config)
    Region$$Table$$Base                      0x0800094c   Number         0  anon$$obj.o(Region$$Table)
    Region$$Table$$Limit                     0x0800096c   Number         0  anon$$obj.o(Region$$Table)
    SystemCoreClock                          0x20000000   Data           4  system_gd32f1x0.o(.data.SystemCoreClock)
    __libspace_start                         0x20000008   Data          96  libspace.o(.bss)
    __temporary_stack_top$libspace           0x20000068   Data           0  libspace.o(.bss)



==============================================================================

Memory Map of the image

  Image Entry point : 0x08000205

  Load Region LR_1 (Base: 0x08000000, Size: 0x00000970, Max: 0xffffffff, ABSOLUTE)

    Execution Region ER_RO (Exec base: 0x08000000, Load base: 0x08000000, Size: 0x0000096c, Max: 0xffffffff, ABSOLUTE)

    Exec Addr    Load Addr    Size         Type   Attr      Idx    E Section Name        Object

    0x08000000   0x08000000   0x00000168   Data   RO          568    RESET               startup_gd32f1x0.o
    0x08000168   0x08000168   0x00000008   Code   RO          596  * !!!main             c_w.l(__main.o)
    0x08000170   0x08000170   0x00000034   Code   RO          759    !!!scatter          c_w.l(__scatter.o)
    0x080001a4   0x080001a4   0x0000001a   Code   RO          761    !!handler_copy      c_w.l(__scatter_copy.o)
    0x080001be   0x080001be   0x00000002   PAD
    0x080001c0   0x080001c0   0x0000001c   Code   RO          763    !!handler_zi        c_w.l(__scatter_zi.o)
    0x080001dc   0x080001dc   0x00000002   Code   RO          623    .ARM.Collect$$libinit$$00000000  c_w.l(libinit.o)
    0x080001de   0x080001de   0x00000000   Code   RO          630    .ARM.Collect$$libinit$$00000002  c_w.l(libinit2.o)
    0x080001de   0x080001de   0x00000000   Code   RO          632    .ARM.Collect$$libinit$$00000004  c_w.l(libinit2.o)
    0x080001de   0x080001de   0x00000000   Code   RO          635    .ARM.Collect$$libinit$$0000000A  c_w.l(libinit2.o)
    0x080001de   0x080001de   0x00000000   Code   RO          637    .ARM.Collect$$libinit$$0000000C  c_w.l(libinit2.o)
    0x080001de   0x080001de   0x00000000   Code   RO          639    .ARM.Collect$$libinit$$0000000E  c_w.l(libinit2.o)
    0x080001de   0x080001de   0x00000000   Code   RO          642    .ARM.Collect$$libinit$$00000011  c_w.l(libinit2.o)
    0x080001de   0x080001de   0x00000000   Code   RO          644    .ARM.Collect$$libinit$$00000013  c_w.l(libinit2.o)
    0x080001de   0x080001de   0x00000000   Code   RO          646    .ARM.Collect$$libinit$$00000015  c_w.l(libinit2.o)
    0x080001de   0x080001de   0x00000000   Code   RO          648    .ARM.Collect$$libinit$$00000017  c_w.l(libinit2.o)
    0x080001de   0x080001de   0x00000000   Code   RO          650    .ARM.Collect$$libinit$$00000019  c_w.l(libinit2.o)
    0x080001de   0x080001de   0x00000000   Code   RO          652    .ARM.Collect$$libinit$$0000001B  c_w.l(libinit2.o)
    0x080001de   0x080001de   0x00000000   Code   RO          654    .ARM.Collect$$libinit$$0000001D  c_w.l(libinit2.o)
    0x080001de   0x080001de   0x00000000   Code   RO          656    .ARM.Collect$$libinit$$0000001F  c_w.l(libinit2.o)
    0x080001de   0x080001de   0x00000000   Code   RO          658    .ARM.Collect$$libinit$$00000021  c_w.l(libinit2.o)
    0x080001de   0x080001de   0x00000000   Code   RO          660    .ARM.Collect$$libinit$$00000023  c_w.l(libinit2.o)
    0x080001de   0x080001de   0x00000000   Code   RO          662    .ARM.Collect$$libinit$$00000025  c_w.l(libinit2.o)
    0x080001de   0x080001de   0x00000000   Code   RO          666    .ARM.Collect$$libinit$$0000002C  c_w.l(libinit2.o)
    0x080001de   0x080001de   0x00000000   Code   RO          668    .ARM.Collect$$libinit$$0000002E  c_w.l(libinit2.o)
    0x080001de   0x080001de   0x00000000   Code   RO          670    .ARM.Collect$$libinit$$00000030  c_w.l(libinit2.o)
    0x080001de   0x080001de   0x00000000   Code   RO          672    .ARM.Collect$$libinit$$00000032  c_w.l(libinit2.o)
    0x080001de   0x080001de   0x00000002   Code   RO          673    .ARM.Collect$$libinit$$00000033  c_w.l(libinit2.o)
    0x080001e0   0x080001e0   0x00000002   Code   RO          695    .ARM.Collect$$libshutdown$$00000000  c_w.l(libshutdown.o)
    0x080001e2   0x080001e2   0x00000000   Code   RO          710    .ARM.Collect$$libshutdown$$00000002  c_w.l(libshutdown2.o)
    0x080001e2   0x080001e2   0x00000000   Code   RO          712    .ARM.Collect$$libshutdown$$00000004  c_w.l(libshutdown2.o)
    0x080001e2   0x080001e2   0x00000000   Code   RO          715    .ARM.Collect$$libshutdown$$00000007  c_w.l(libshutdown2.o)
    0x080001e2   0x080001e2   0x00000000   Code   RO          718    .ARM.Collect$$libshutdown$$0000000A  c_w.l(libshutdown2.o)
    0x080001e2   0x080001e2   0x00000000   Code   RO          720    .ARM.Collect$$libshutdown$$0000000C  c_w.l(libshutdown2.o)
    0x080001e2   0x080001e2   0x00000000   Code   RO          723    .ARM.Collect$$libshutdown$$0000000F  c_w.l(libshutdown2.o)
    0x080001e2   0x080001e2   0x00000002   Code   RO          724    .ARM.Collect$$libshutdown$$00000010  c_w.l(libshutdown2.o)
    0x080001e4   0x080001e4   0x00000000   Code   RO          598    .ARM.Collect$$rtentry$$00000000  c_w.l(__rtentry.o)
    0x080001e4   0x080001e4   0x00000000   Code   RO          600    .ARM.Collect$$rtentry$$00000002  c_w.l(__rtentry2.o)
    0x080001e4   0x080001e4   0x00000006   Code   RO          612    .ARM.Collect$$rtentry$$00000004  c_w.l(__rtentry4.o)
    0x080001ea   0x080001ea   0x00000000   Code   RO          602    .ARM.Collect$$rtentry$$00000009  c_w.l(__rtentry2.o)
    0x080001ea   0x080001ea   0x00000004   Code   RO          603    .ARM.Collect$$rtentry$$0000000A  c_w.l(__rtentry2.o)
    0x080001ee   0x080001ee   0x00000000   Code   RO          605    .ARM.Collect$$rtentry$$0000000C  c_w.l(__rtentry2.o)
    0x080001ee   0x080001ee   0x00000008   Code   RO          606    .ARM.Collect$$rtentry$$0000000D  c_w.l(__rtentry2.o)
    0x080001f6   0x080001f6   0x00000002   Code   RO          627    .ARM.Collect$$rtexit$$00000000  c_w.l(rtexit.o)
    0x080001f8   0x080001f8   0x00000000   Code   RO          675    .ARM.Collect$$rtexit$$00000002  c_w.l(rtexit2.o)
    0x080001f8   0x080001f8   0x00000004   Code   RO          676    .ARM.Collect$$rtexit$$00000003  c_w.l(rtexit2.o)
    0x080001fc   0x080001fc   0x00000006   Code   RO          677    .ARM.Collect$$rtexit$$00000004  c_w.l(rtexit2.o)
    0x08000202   0x08000202   0x00000002   PAD
    0x08000204   0x08000204   0x00000040   Code   RO          569  * .text               startup_gd32f1x0.o
    0x08000244   0x08000244   0x00000006   Code   RO          594    .text               c_w.l(heapauxi.o)
    0x0800024a   0x0800024a   0x0000004a   Code   RO          614    .text               c_w.l(sys_stackheap_outer.o)
    0x08000294   0x08000294   0x00000012   Code   RO          616    .text               c_w.l(exit.o)
    0x080002a6   0x080002a6   0x00000002   PAD
    0x080002a8   0x080002a8   0x00000008   Code   RO          624    .text               c_w.l(libspace.o)
    0x080002b0   0x080002b0   0x0000000c   Code   RO          685    .text               c_w.l(sys_exit.o)
    0x080002bc   0x080002bc   0x00000002   Code   RO          700    .text               c_w.l(use_no_semi.o)
    0x080002be   0x080002be   0x00000000   Code   RO          702    .text               c_w.l(indicate_semi.o)
    0x080002be   0x080002be   0x00000002   PAD
    0x080002c0   0x080002c0   0x0000004e   Code   RO           81    .text.BLDC_angle_0  operations.o
    0x0800030e   0x0800030e   0x00000002   PAD
    0x08000310   0x08000310   0x0000004e   Code   RO           85    .text.BLDC_angle_120  operations.o
    0x0800035e   0x0800035e   0x00000002   PAD
    0x08000360   0x08000360   0x0000004e   Code   RO           87    .text.BLDC_angle_180  operations.o
    0x080003ae   0x080003ae   0x00000002   PAD
    0x080003b0   0x080003b0   0x0000004e   Code   RO           89    .text.BLDC_angle_240  operations.o
    0x080003fe   0x080003fe   0x00000002   PAD
    0x08000400   0x08000400   0x0000004e   Code   RO           91    .text.BLDC_angle_360  operations.o
    0x0800044e   0x0800044e   0x00000002   PAD
    0x08000450   0x08000450   0x0000004e   Code   RO           83    .text.BLDC_angle_60  operations.o
    0x0800049e   0x0800049e   0x00000002   PAD
    0x080004a0   0x080004a0   0x00000014   Code   RO           79    .text.BUZER_OFF     operations.o
    0x080004b4   0x080004b4   0x00000014   Code   RO           77    .text.BUZER_ON      operations.o
    0x080004c8   0x080004c8   0x00000002   Code   RO           42    .text.BusFault_Handler  gd32f1x0_it.o
    0x080004ca   0x080004ca   0x00000002   PAD
    0x080004cc   0x080004cc   0x00000002   Code   RO           48    .text.DebugMon_Handler  gd32f1x0_it.o
    0x080004ce   0x080004ce   0x00000002   PAD
    0x080004d0   0x080004d0   0x00000114   Code   RO           61    .text.GPIO_Init     initialization.o
    0x080005e4   0x080005e4   0x00000012   Code   RO           75    .text.GREEN_LED_OFF  operations.o
    0x080005f6   0x080005f6   0x00000002   PAD
    0x080005f8   0x080005f8   0x00000012   Code   RO           73    .text.GREEN_LED_ON  operations.o
    0x0800060a   0x0800060a   0x00000002   PAD
    0x0800060c   0x0800060c   0x00000002   Code   RO           38    .text.HardFault_Handler  gd32f1x0_it.o
    0x0800060e   0x0800060e   0x00000002   PAD
    0x08000610   0x08000610   0x00000002   Code   RO           40    .text.MemManage_Handler  gd32f1x0_it.o
    0x08000612   0x08000612   0x00000002   PAD
    0x08000614   0x08000614   0x00000002   Code   RO           36    .text.NMI_Handler   gd32f1x0_it.o
    0x08000616   0x08000616   0x00000002   PAD
    0x08000618   0x08000618   0x00000002   Code   RO           50    .text.PendSV_Handler  gd32f1x0_it.o
    0x0800061a   0x0800061a   0x00000002   PAD
    0x0800061c   0x0800061c   0x00000012   Code   RO           71    .text.RED_LED_OFF   operations.o
    0x0800062e   0x0800062e   0x00000002   PAD
    0x08000630   0x08000630   0x00000012   Code   RO           69    .text.RED_LED_ON    operations.o
    0x08000642   0x08000642   0x00000002   PAD
    0x08000644   0x08000644   0x00000002   Code   RO           46    .text.SVC_Handler   gd32f1x0_it.o
    0x08000646   0x08000646   0x00000002   PAD
    0x08000648   0x08000648   0x0000002a   Code   RO            4    .text.SysTick_Config  systick.o
    0x08000672   0x08000672   0x00000002   PAD
    0x08000674   0x08000674   0x00000008   Code   RO           52    .text.SysTick_Handler  gd32f1x0_it.o
    0x0800067c   0x0800067c   0x00000078   Code   RO          576    .text.SystemInit    system_gd32f1x0.o
    0x080006f4   0x080006f4   0x00000002   Code   RO           44    .text.UsageFault_Handler  gd32f1x0_it.o
    0x080006f6   0x080006f6   0x00000002   PAD
    0x080006f8   0x080006f8   0x0000000e   Code   RO            6    .text.__NVIC_SetPriority  systick.o
    0x08000706   0x08000706   0x00000002   PAD
    0x08000708   0x08000708   0x00000014   Code   RO           10    .text.delay_10us    systick.o
    0x0800071c   0x0800071c   0x00000018   Code   RO           12    .text.delay_decrement  systick.o
    0x08000734   0x08000734   0x00000004   Code   RO          231    .text.gpio_bit_reset  gd32f1x0_gpio.o
    0x08000738   0x08000738   0x00000004   Code   RO          229    .text.gpio_bit_set  gd32f1x0_gpio.o
    0x0800073c   0x0800073c   0x00000054   Code   RO          225    .text.gpio_mode_set  gd32f1x0_gpio.o
    0x08000790   0x08000790   0x00000046   Code   RO          227    .text.gpio_output_options_set  gd32f1x0_gpio.o
    0x080007d6   0x080007d6   0x00000002   PAD
    0x080007d8   0x080007d8   0x0000009a   Code   RO           25    .text.main          jbuhover.o
    0x08000872   0x08000872   0x00000002   PAD
    0x08000874   0x08000874   0x0000001e   Code   RO          281    .text.rcu_periph_clock_enable  gd32f1x0_rcu.o
    0x08000892   0x08000892   0x00000002   PAD
    0x08000894   0x08000894   0x00000084   Code   RO          582    .text.system_clock_72m_hxtal  system_gd32f1x0.o
    0x08000918   0x08000918   0x00000008   Code   RO          578    .text.system_clock_config  system_gd32f1x0.o
    0x08000920   0x08000920   0x0000002a   Code   RO            2    .text.systick_config  systick.o
    0x0800094a   0x0800094a   0x00000002   PAD
    0x0800094c   0x0800094c   0x00000020   Data   RO          758    Region$$Table       anon$$obj.o


    Execution Region ER_RW (Exec base: 0x20000000, Load base: 0x0800096c, Size: 0x00000004, Max: 0xffffffff, ABSOLUTE)

    Exec Addr    Load Addr    Size         Type   Attr      Idx    E Section Name        Object

    0x20000000   0x0800096c   0x00000004   Data   RW          584    .data.SystemCoreClock  system_gd32f1x0.o


    Execution Region ER_ZI (Exec base: 0x20000008, Load base: 0x08000970, Size: 0x00000868, Max: 0xffffffff, ABSOLUTE)

    Exec Addr    Load Addr    Size         Type   Attr      Idx    E Section Name        Object

    0x20000008        -       0x00000060   Zero   RW          625    .bss                c_w.l(libspace.o)
    0x20000068        -       0x00000001   Zero   RW           27    .bss.commutation_delay  jbuhover.o
    0x20000069   0x08000970   0x00000003   PAD
    0x2000006c        -       0x00000004   Zero   RW           14    .bss.delay          systick.o
    0x20000070        -       0x00000400   Zero   RW          567    HEAP                startup_gd32f1x0.o
    0x20000470        -       0x00000400   Zero   RW          566    STACK               startup_gd32f1x0.o


==============================================================================

Image component sizes


      Code (inc. data)   RO Data    RW Data    ZI Data      Debug   Object Name

       162          0          0          0          0       4453   gd32f1x0_gpio.o
        24          0          0          0          0        972   gd32f1x0_it.o
        30          0          0          0          0      13961   gd32f1x0_rcu.o
       276          0          0          0          0       1231   initialization.o
       154          0          0          0          1        782   jbuhover.o
       580          0          0          0          0       1445   operations.o
        64         26        360          0       2048        864   startup_gd32f1x0.o
       260          0          0          4          0       1905   system_gd32f1x0.o
       142          0          0          0          4       3867   systick.o

    ----------------------------------------------------------------------
      1740         26        392          4       2056      29480   Object Totals
         0          0         32          0          0          0   (incl. Generated)
        48          0          0          0          3          0   (incl. Padding)

    ----------------------------------------------------------------------

      Code (inc. data)   RO Data    RW Data    ZI Data      Debug   Library Member Name

         8          0          0          0          0         68   __main.o
         0          0          0          0          0          0   __rtentry.o
        12          0          0          0          0          0   __rtentry2.o
         6          0          0          0          0          0   __rtentry4.o
        52          8          0          0          0          0   __scatter.o
        26          0          0          0          0          0   __scatter_copy.o
        28          0          0          0          0          0   __scatter_zi.o
        18          0          0          0          0         80   exit.o
         6          0          0          0          0        152   heapauxi.o
         0          0          0          0          0          0   indicate_semi.o
         2          0          0          0          0          0   libinit.o
         2          0          0          0          0          0   libinit2.o
         2          0          0          0          0          0   libshutdown.o
         2          0          0          0          0          0   libshutdown2.o
         8          4          0          0         96         68   libspace.o
         2          0          0          0          0          0   rtexit.o
        10          0          0          0          0          0   rtexit2.o
        12          4          0          0          0         68   sys_exit.o
        74          0          0          0          0         80   sys_stackheap_outer.o
         2          0          0          0          0         68   use_no_semi.o

    ----------------------------------------------------------------------
       280         16          0          0         96        584   Library Totals
         8          0          0          0          0          0   (incl. Padding)

    ----------------------------------------------------------------------

      Code (inc. data)   RO Data    RW Data    ZI Data      Debug   Library Name

       272         16          0          0         96        584   c_w.l

    ----------------------------------------------------------------------
       280         16          0          0         96        584   Library Totals

    ----------------------------------------------------------------------

==============================================================================


      Code (inc. data)   RO Data    RW Data    ZI Data      Debug   

      2020         42        392          4       2152      29816   Grand Totals
      2020         42        392          4       2152      29816   ELF Image Totals
      2020         42        392          4          0          0   ROM Totals

==============================================================================

    Total RO  Size (Code + RO Data)                 2412 (   2.36kB)
    Total RW  Size (RW Data + ZI Data)              2156 (   2.11kB)
    Total ROM Size (Code + RO Data + RW Data)       2416 (   2.36kB)

==============================================================================

